Archive member included because of file (symbol)

/opt/altera/13.0sp1/nios2eds/bin/gnu/H-i686-pc-linux-gnu/bin/../lib/gcc/nios2-elf/4.1.2/../../../../nios2-elf/lib/libc.a(lib_a-puts.o)
                              obj/default/hello_world.o (puts)
/opt/altera/13.0sp1/nios2eds/bin/gnu/H-i686-pc-linux-gnu/bin/../lib/gcc/nios2-elf/4.1.2/../../../../nios2-elf/lib/libc.a(lib_a-strlen.o)
                              /opt/altera/13.0sp1/nios2eds/bin/gnu/H-i686-pc-linux-gnu/bin/../lib/gcc/nios2-elf/4.1.2/../../../../nios2-elf/lib/libc.a(lib_a-puts.o) (strlen)
/opt/altera/13.0sp1/nios2eds/bin/gnu/H-i686-pc-linux-gnu/bin/../lib/gcc/nios2-elf/4.1.2/../../../../nios2-elf/lib/libc.a(lib_a-fvwrite.o)
                              /opt/altera/13.0sp1/nios2eds/bin/gnu/H-i686-pc-linux-gnu/bin/../lib/gcc/nios2-elf/4.1.2/../../../../nios2-elf/lib/libc.a(lib_a-puts.o) (__sfvwrite_r)
/opt/altera/13.0sp1/nios2eds/bin/gnu/H-i686-pc-linux-gnu/bin/../lib/gcc/nios2-elf/4.1.2/../../../../nios2-elf/lib/libc.a(lib_a-impure.o)
                              /opt/altera/13.0sp1/nios2eds/bin/gnu/H-i686-pc-linux-gnu/bin/../lib/gcc/nios2-elf/4.1.2/../../../../nios2-elf/lib/libc.a(lib_a-puts.o) (_impure_ptr)
/opt/altera/13.0sp1/nios2eds/bin/gnu/H-i686-pc-linux-gnu/bin/../lib/gcc/nios2-elf/4.1.2/../../../../nios2-elf/lib/libc.a(lib_a-mallocr.o)
                              /opt/altera/13.0sp1/nios2eds/bin/gnu/H-i686-pc-linux-gnu/bin/../lib/gcc/nios2-elf/4.1.2/../../../../nios2-elf/lib/libc.a(lib_a-fvwrite.o) (_malloc_r)
/opt/altera/13.0sp1/nios2eds/bin/gnu/H-i686-pc-linux-gnu/bin/../lib/gcc/nios2-elf/4.1.2/../../../../nios2-elf/lib/libc.a(lib_a-memchr.o)
                              /opt/altera/13.0sp1/nios2eds/bin/gnu/H-i686-pc-linux-gnu/bin/../lib/gcc/nios2-elf/4.1.2/../../../../nios2-elf/lib/libc.a(lib_a-fvwrite.o) (memchr)
/opt/altera/13.0sp1/nios2eds/bin/gnu/H-i686-pc-linux-gnu/bin/../lib/gcc/nios2-elf/4.1.2/../../../../nios2-elf/lib/libc.a(lib_a-memcpy.o)
                              /opt/altera/13.0sp1/nios2eds/bin/gnu/H-i686-pc-linux-gnu/bin/../lib/gcc/nios2-elf/4.1.2/../../../../nios2-elf/lib/libc.a(lib_a-fvwrite.o) (memcpy)
/opt/altera/13.0sp1/nios2eds/bin/gnu/H-i686-pc-linux-gnu/bin/../lib/gcc/nios2-elf/4.1.2/../../../../nios2-elf/lib/libc.a(lib_a-memmove.o)
                              /opt/altera/13.0sp1/nios2eds/bin/gnu/H-i686-pc-linux-gnu/bin/../lib/gcc/nios2-elf/4.1.2/../../../../nios2-elf/lib/libc.a(lib_a-fvwrite.o) (memmove)
/opt/altera/13.0sp1/nios2eds/bin/gnu/H-i686-pc-linux-gnu/bin/../lib/gcc/nios2-elf/4.1.2/../../../../nios2-elf/lib/libc.a(lib_a-reallocr.o)
                              /opt/altera/13.0sp1/nios2eds/bin/gnu/H-i686-pc-linux-gnu/bin/../lib/gcc/nios2-elf/4.1.2/../../../../nios2-elf/lib/libc.a(lib_a-fvwrite.o) (_realloc_r)
/opt/altera/13.0sp1/nios2eds/bin/gnu/H-i686-pc-linux-gnu/bin/../lib/gcc/nios2-elf/4.1.2/../../../../nios2-elf/lib/libc.a(lib_a-sbrkr.o)
                              /opt/altera/13.0sp1/nios2eds/bin/gnu/H-i686-pc-linux-gnu/bin/../lib/gcc/nios2-elf/4.1.2/../../../../nios2-elf/lib/libc.a(lib_a-mallocr.o) (_sbrk_r)
/opt/altera/13.0sp1/nios2eds/bin/gnu/H-i686-pc-linux-gnu/bin/../lib/gcc/nios2-elf/4.1.2/../../../../nios2-elf/lib/libc.a(lib_a-wsetup.o)
                              /opt/altera/13.0sp1/nios2eds/bin/gnu/H-i686-pc-linux-gnu/bin/../lib/gcc/nios2-elf/4.1.2/../../../../nios2-elf/lib/libc.a(lib_a-fvwrite.o) (__swsetup_r)
/opt/altera/13.0sp1/nios2eds/bin/gnu/H-i686-pc-linux-gnu/bin/../lib/gcc/nios2-elf/4.1.2/../../../../nios2-elf/lib/libc.a(lib_a-fflush.o)
                              /opt/altera/13.0sp1/nios2eds/bin/gnu/H-i686-pc-linux-gnu/bin/../lib/gcc/nios2-elf/4.1.2/../../../../nios2-elf/lib/libc.a(lib_a-fvwrite.o) (_fflush_r)
/opt/altera/13.0sp1/nios2eds/bin/gnu/H-i686-pc-linux-gnu/bin/../lib/gcc/nios2-elf/4.1.2/../../../../nios2-elf/lib/libc.a(lib_a-findfp.o)
                              /opt/altera/13.0sp1/nios2eds/bin/gnu/H-i686-pc-linux-gnu/bin/../lib/gcc/nios2-elf/4.1.2/../../../../nios2-elf/lib/libc.a(lib_a-wsetup.o) (__sinit)
/opt/altera/13.0sp1/nios2eds/bin/gnu/H-i686-pc-linux-gnu/bin/../lib/gcc/nios2-elf/4.1.2/../../../../nios2-elf/lib/libc.a(lib_a-freer.o)
                              /opt/altera/13.0sp1/nios2eds/bin/gnu/H-i686-pc-linux-gnu/bin/../lib/gcc/nios2-elf/4.1.2/../../../../nios2-elf/lib/libc.a(lib_a-fvwrite.o) (_free_r)
/opt/altera/13.0sp1/nios2eds/bin/gnu/H-i686-pc-linux-gnu/bin/../lib/gcc/nios2-elf/4.1.2/../../../../nios2-elf/lib/libc.a(lib_a-fwalk.o)
                              /opt/altera/13.0sp1/nios2eds/bin/gnu/H-i686-pc-linux-gnu/bin/../lib/gcc/nios2-elf/4.1.2/../../../../nios2-elf/lib/libc.a(lib_a-fflush.o) (_fwalk_reent)
/opt/altera/13.0sp1/nios2eds/bin/gnu/H-i686-pc-linux-gnu/bin/../lib/gcc/nios2-elf/4.1.2/../../../../nios2-elf/lib/libc.a(lib_a-int_errno.o)
                              /opt/altera/13.0sp1/nios2eds/bin/gnu/H-i686-pc-linux-gnu/bin/../lib/gcc/nios2-elf/4.1.2/../../../../nios2-elf/lib/libc.a(lib_a-sbrkr.o) (errno)
[...]
Memory Configuration

Name             Origin             Length             Attributes
reset            0x00000000         0x00000020
ext_flash        0x00000020         0x03ffffe0
ethernet_subsystem_descriptor_memory 0x0800c000         0x00002000
sdram_BEFORE_EXCEPTION 0x10000000         0x00000120
sdram            0x10000120         0x01fffee0
*default*        0x00000000         0xffffffff

Linker script and memory map

LOAD ../my_first_nios_software_project_bsp//obj/HAL/src/crt0.o
LOAD obj/default/hello_world.o
LOAD /opt/altera/13.0sp1/nios2eds/bin/gnu/H-i686-pc-linux-gnu/bin/../lib/gcc/nios2-elf/4.1.2/../../../../nios2-elf/lib/libstdc++.a
LOAD /opt/altera/13.0sp1/nios2eds/bin/gnu/H-i686-pc-linux-gnu/bin/../lib/gcc/nios2-elf/4.1.2/../../../../nios2-elf/lib/libm.a
LOAD /opt/altera/13.0sp1/nios2eds/bin/gnu/H-i686-pc-linux-gnu/bin/../lib/gcc/nios2-elf/4.1.2/libgcc.a
START GROUP
LOAD /opt/altera/13.0sp1/nios2eds/bin/gnu/H-i686-pc-linux-gnu/bin/../lib/gcc/nios2-elf/4.1.2/../../../../nios2-elf/lib/libc.a
LOAD /opt/altera/13.0sp1/nios2eds/bin/gnu/H-i686-pc-linux-gnu/bin/../lib/gcc/nios2-elf/4.1.2/libgcc.a
LOAD ../my_first_nios_software_project_bsp//libhal_bsp.a
END GROUP
LOAD /opt/altera/13.0sp1/nios2eds/bin/gnu/H-i686-pc-linux-gnu/bin/../lib/gcc/nios2-elf/4.1.2/libgcc.a
                0x00000000                __alt_mem_ext_flash = 0x0
                0x0800c000                __alt_mem_ethernet_subsystem_descriptor_memory = 0x800c000
                0x10000000                __alt_mem_sdram = 0x10000000

.entry          0x00000000        0x0
 *(.entry)
 .entry         0x00000000        0x0 ../my_first_nios_software_project_bsp//obj/HAL/src/crt0.o
                0x00000000                __reset

.exceptions     0x10000120      0x194
                0x10000120                PROVIDE (__ram_exceptions_start, ABSOLUTE (.))
                0x10000120                . = ALIGN (0x20)
 *(.irq)
 *(.exceptions.entry.label)
 .exceptions.entry.label
                0x10000120        0x0 ../my_first_nios_software_project_bsp//libhal_bsp.a(alt_irq_entry.o)
                0x10000120                alt_irq_entry
 .exceptions.entry.label
                0x10000120        0x0 ../my_first_nios_software_project_bsp//libhal_bsp.a(alt_exception_entry.o)
                0x10000120                alt_exception
 *(.exceptions.entry.user)
 *(.exceptions.entry)
 .exceptions.entry
                0x10000120       0x54 ../my_first_nios_software_project_bsp//libhal_bsp.a(alt_exception_entry.o)
 *(.exceptions.irqtest.user)
 *(.exceptions.irqtest)
 .exceptions.irqtest
                0x10000174       0x10 ../my_first_nios_software_project_bsp//libhal_bsp.a(alt_irq_entry.o)
 *(.exceptions.irqhandler.user)
 *(.exceptions.irqhandler)
 .exceptions.irqhandler
                0x10000184        0x4 ../my_first_nios_software_project_bsp//libhal_bsp.a(alt_irq_entry.o)
 *(.exceptions.irqreturn.user)
 *(.exceptions.irqreturn)
 .exceptions.irqreturn
                0x10000188        0x4 ../my_first_nios_software_project_bsp//libhal_bsp.a(alt_irq_entry.o)
 *(.exceptions.notirq.label)
 .exceptions.notirq.label
                0x1000018c        0x0 ../my_first_nios_software_project_bsp//libhal_bsp.a(alt_irq_entry.o)
 *(.exceptions.notirq.user)
 *(.exceptions.notirq)
 .exceptions.notirq
                0x1000018c        0x8 ../my_first_nios_software_project_bsp//libhal_bsp.a(alt_exception_entry.o)
 *(.exceptions.soft.user)
 *(.exceptions.soft)
 *(.exceptions.unknown.user)
 *(.exceptions.unknown)
 .exceptions.unknown
                0x10000194        0x4 ../my_first_nios_software_project_bsp//libhal_bsp.a(alt_exception_entry.o)
 *(.exceptions.exit.label)
 .exceptions.exit.label
                0x10000198        0x0 ../my_first_nios_software_project_bsp//libhal_bsp.a(alt_irq_entry.o)
 .exceptions.exit.label
                0x10000198        0x0 ../my_first_nios_software_project_bsp//libhal_bsp.a(alt_exception_entry.o)
 *(.exceptions.exit.user)
 *(.exceptions.exit)
 .exceptions.exit
                0x10000198       0x54 ../my_first_nios_software_project_bsp//libhal_bsp.a(alt_exception_entry.o)
 *(.exceptions)
 .exceptions    0x100001ec       0xc8 ../my_first_nios_software_project_bsp//libhal_bsp.a(alt_irq_handler.o)
                0x100001ec                alt_irq_handler
                0x100002b4                PROVIDE (__ram_exceptions_end, ABSOLUTE (.))
                0x10000120                PROVIDE (__flash_exceptions_start, LOADADDR (.exceptions))

.text           0x100002b4     0x8974
                0x100002b4                PROVIDE (stext, ABSOLUTE (.))
 *(.interp)
 *(.hash)
 *(.dynsym)
 *(.dynstr)
 *(.gnu.version)
 *(.gnu.version_d)
 *(.gnu.version_r)
 *(.rel.init)
 *(.rela.init)
 *(.rel.text .rel.text.* .rel.gnu.linkonce.t.*)
 *(.rela.text .rela.text.* .rela.gnu.linkonce.t.*)
 *(.rel.fini)
 *(.rela.fini)
 *(.rel.rodata .rel.rodata.* .rel.gnu.linkonce.r.*)
 *(.rela.rodata .rela.rodata.* .rela.gnu.linkonce.r.*)
 *(.rel.data .rel.data.* .rel.gnu.linkonce.d.*)
 *(.rela.data .rela.data.* .rela.gnu.linkonce.d.*)
 *(.rel.tdata .rel.tdata.* .rel.gnu.linkonce.td.*)
 *(.rela.tdata .rela.tdata.* .rela.gnu.linkonce.td.*)
 *(.rel.tbss .rel.tbss.* .rel.gnu.linkonce.tb.*)
 *(.rela.tbss .rela.tbss.* .rela.gnu.linkonce.tb.*)
 *(.rel.ctors)
 *(.rela.ctors)
 *(.rel.dtors)
 *(.rela.dtors)
 *(.rel.got)
 *(.rela.got)
 *(.rel.sdata .rel.sdata.* .rel.gnu.linkonce.s.*)
 *(.rela.sdata .rela.sdata.* .rela.gnu.linkonce.s.*)
 *(.rel.sbss .rel.sbss.* .rel.gnu.linkonce.sb.*)
 *(.rela.sbss .rela.sbss.* .rela.gnu.linkonce.sb.*)
 *(.rel.sdata2 .rel.sdata2.* .rel.gnu.linkonce.s2.*)
 *(.rela.sdata2 .rela.sdata2.* .rela.gnu.linkonce.s2.*)
 *(.rel.sbss2 .rel.sbss2.* .rel.gnu.linkonce.sb2.*)
 *(.rela.sbss2 .rela.sbss2.* .rela.gnu.linkonce.sb2.*)
 *(.rel.bss .rel.bss.* .rel.gnu.linkonce.b.*)
 *(.rela.bss .rela.bss.* .rela.gnu.linkonce.b.*)
 *(.rel.plt)
 *(.rela.plt)
 *(.rel.dyn)
 *(.init)
 *(.plt)
 *(.text .stub .text.* .gnu.linkonce.t.*)
 .text          0x100002b4       0x48 ../my_first_nios_software_project_bsp//obj/HAL/src/crt0.o
                0x100002b4                _start
 .text          0x100002fc       0x34 obj/default/hello_world.o
                0x100002fc                main
 .text          0x10000330       0xb4 /opt/altera/13.0sp1/nios2eds/bin/gnu/H-i686-pc-linux-gnu/bin/../lib/gcc/nios2-elf/4.1.2/../../../../nios2-elf/lib/libc.a(lib_a-puts.o)
                0x10000330                _puts_r
                0x100003d0                puts
 .text          0x100003e4       0x74 /opt/altera/13.0sp1/nios2eds/bin/gnu/H-i686-pc-linux-gnu/bin/../lib/gcc/nios2-elf/4.1.2/../../../../nios2-elf/lib/libc.a(lib_a-strlen.o)
                0x100003e4                strlen
 .text          0x10000458      0x49c /opt/altera/13.0sp1/nios2eds/bin/gnu/H-i686-pc-linux-gnu/bin/../lib/gcc/nios2-elf/4.1.2/../../../../nios2-elf/lib/libc.a(lib_a-fvwrite.o)
                0x10000458                __sfvwrite_r
 .text          0x100008f4        0x0 /opt/altera/13.0sp1/nios2eds/bin/gnu/H-i686-pc-linux-gnu/bin/../lib/gcc/nios2-elf/4.1.2/../../../../nios2-elf/lib/libc.a(lib_a-impure.o)
 .text          0x100008f4      0x740 /opt/altera/13.0sp1/nios2eds/bin/gnu/H-i686-pc-linux-gnu/bin/../lib/gcc/nios2-elf/4.1.2/../../../../nios2-elf/lib/libc.a(lib_a-mallocr.o)
                0x100008f4                _malloc_r
 .text          0x10001034       0xe4 /opt/altera/13.0sp1/nios2eds/bin/gnu/H-i686-pc-linux-gnu/bin/../lib/gcc/nios2-elf/4.1.2/../../../../nios2-elf/lib/libc.a(lib_a-memchr.o)
                0x10001034                memchr
 .text          0x10001118       0xa0 /opt/altera/13.0sp1/nios2eds/bin/gnu/H-i686-pc-linux-gnu/bin/../lib/gcc/nios2-elf/4.1.2/../../../../nios2-elf/lib/libc.a(lib_a-memcpy.o)
                0x10001118                memcpy
 .text          0x100011b8       0xe0 /opt/altera/13.0sp1/nios2eds/bin/gnu/H-i686-pc-linux-gnu/bin/../lib/gcc/nios2-elf/4.1.2/../../../../nios2-elf/lib/libc.a(lib_a-memmove.o)
                0x100011b8                memmove
 .text          0x10001298      0x5f4 /opt/altera/13.0sp1/nios2eds/bin/gnu/H-i686-pc-linux-gnu/bin/../lib/gcc/nios2-elf/4.1.2/../../../../nios2-elf/lib/libc.a(lib_a-reallocr.o)
                0x10001298                _realloc_r
 .text          0x1000188c       0x70 /opt/altera/13.0sp1/nios2eds/bin/gnu/H-i686-pc-linux-gnu/bin/../lib/gcc/nios2-elf/4.1.2/../../../../nios2-elf/lib/libc.a(lib_a-sbrkr.o)
                0x1000188c                _sbrk_r
 .text          0x100018fc      0x13c /opt/altera/13.0sp1/nios2eds/bin/gnu/H-i686-pc-linux-gnu/bin/../lib/gcc/nios2-elf/4.1.2/../../../../nios2-elf/lib/libc.a(lib_a-wsetup.o)
                0x100018fc                __swsetup_r
 .text          0x10001a38      0x230 /opt/altera/13.0sp1/nios2eds/bin/gnu/H-i686-pc-linux-gnu/bin/../lib/gcc/nios2-elf/4.1.2/../../../../nios2-elf/lib/libc.a(lib_a-fflush.o)
                0x10001a38                _fflush_r
                0x10001c34                fflush
 .text          0x10001c68      0x2c0 /opt/altera/13.0sp1/nios2eds/bin/gnu/H-i686-pc-linux-gnu/bin/../lib/gcc/nios2-elf/4.1.2/../../../../nios2-elf/lib/libc.a(lib_a-findfp.o)
                0x10001cc0                __sfp_lock_acquire
                0x10001cc4                __sfp_lock_release
                0x10001cc8                __sinit_lock_acquire
                0x10001ccc                __sinit_lock_release
                0x10001cd0                __sinit
                0x10001d84                __fp_unlock_all
                0x10001d9c                __fp_lock_all
                0x10001db4                _cleanup_r
                0x10001dc0                _cleanup
                0x10001dd0                __sfmoreglue
                0x10001e38                __sfp
 .text          0x10001f28      0x440 /opt/altera/13.0sp1/nios2eds/bin/gnu/H-i686-pc-linux-gnu/bin/../lib/gcc/nios2-elf/4.1.2/../../../../nios2-elf/lib/libc.a(lib_a-freer.o)
                0x10001f28                _malloc_trim_r
                0x10002054                _free_r
 .text          0x10002368      0x180 /opt/altera/13.0sp1/nios2eds/bin/gnu/H-i686-pc-linux-gnu/bin/../lib/gcc/nios2-elf/4.1.2/../../../../nios2-elf/lib/libc.a(lib_a-fwalk.o)
                0x10002368                _fwalk_reent
                0x10002430                _fwalk
 .text          0x100024e8        0x0 /opt/altera/13.0sp1/nios2eds/bin/gnu/H-i686-pc-linux-gnu/bin/../lib/gcc/nios2-elf/4.1.2/../../../../nios2-elf/lib/libc.a(lib_a-int_errno.o)
 .text          0x100024e8      0x194 /opt/altera/13.0sp1/nios2eds/bin/gnu/H-i686-pc-linux-gnu/bin/../lib/gcc/nios2-elf/4.1.2/../../../../nios2-elf/lib/libc.a(lib_a-makebuf.o)
                0x100024e8                __smakebuf_r
 .text          0x1000267c       0x98 /opt/altera/13.0sp1/nios2eds/bin/gnu/H-i686-pc-linux-gnu/bin/../lib/gcc/nios2-elf/4.1.2/../../../../nios2-elf/lib/libc.a(lib_a-memset.o)
                0x1000267c                memset
 .text          0x10002714      0x14c /opt/altera/13.0sp1/nios2eds/bin/gnu/H-i686-pc-linux-gnu/bin/../lib/gcc/nios2-elf/4.1.2/../../../../nios2-elf/lib/libc.a(lib_a-stdio.o)
                0x10002714                __sclose
                0x1000271c                __sseek
                0x10002784                __swrite
                0x10002800                __sread
 .text          0x10002860       0x78 /opt/altera/13.0sp1/nios2eds/bin/gnu/H-i686-pc-linux-gnu/bin/../lib/gcc/nios2-elf/4.1.2/../../../../nios2-elf/lib/libc.a(lib_a-writer.o)
                0x10002860                _write_r
 .text          0x100028d8       0x70 /opt/altera/13.0sp1/nios2eds/bin/gnu/H-i686-pc-linux-gnu/bin/../lib/gcc/nios2-elf/4.1.2/../../../../nios2-elf/lib/libc.a(lib_a-closer.o)
                0x100028d8                _close_r
 .text          0x10002948      0x124 /opt/altera/13.0sp1/nios2eds/bin/gnu/H-i686-pc-linux-gnu/bin/../lib/gcc/nios2-elf/4.1.2/../../../../nios2-elf/lib/libc.a(lib_a-fclose.o)
                0x10002948                _fclose_r
                0x10002a58                fclose
 .text          0x10002a6c       0x74 /opt/altera/13.0sp1/nios2eds/bin/gnu/H-i686-pc-linux-gnu/bin/../lib/gcc/nios2-elf/4.1.2/../../../../nios2-elf/lib/libc.a(lib_a-fstatr.o)
                0x10002a6c                _fstat_r
 .text          0x10002ae0       0x70 /opt/altera/13.0sp1/nios2eds/bin/gnu/H-i686-pc-linux-gnu/bin/../lib/gcc/nios2-elf/4.1.2/../../../../nios2-elf/lib/libc.a(lib_a-isattyr.o)
                0x10002ae0                _isatty_r
 .text          0x10002b50       0x78 /opt/altera/13.0sp1/nios2eds/bin/gnu/H-i686-pc-linux-gnu/bin/../lib/gcc/nios2-elf/4.1.2/../../../../nios2-elf/lib/libc.a(lib_a-lseekr.o)
                0x10002b50                _lseek_r
 .text          0x10002bc8       0x78 /opt/altera/13.0sp1/nios2eds/bin/gnu/H-i686-pc-linux-gnu/bin/../lib/gcc/nios2-elf/4.1.2/../../../../nios2-elf/lib/libc.a(lib_a-readr.o)
                0x10002bc8                _read_r
 .text          0x10002c40      0x15c ../my_first_nios_software_project_bsp//libhal_bsp.a(alt_close.o)
                0x10002c40                close
 .text          0x10002d9c       0x2c ../my_first_nios_software_project_bsp//libhal_bsp.a(alt_dev.o)
 .text          0x10002dc8        0x0 ../my_first_nios_software_project_bsp//libhal_bsp.a(alt_errno.o)
 .text          0x10002dc8      0x134 ../my_first_nios_software_project_bsp//libhal_bsp.a(alt_fstat.o)
                0x10002dc8                fstat
 .text          0x10002efc      0x120 ../my_first_nios_software_project_bsp//libhal_bsp.a(alt_isatty.o)
                0x10002efc                isatty
 .text          0x1000301c      0x150 ../my_first_nios_software_project_bsp//libhal_bsp.a(alt_lseek.o)
                0x1000301c                lseek
 .text          0x1000316c       0x6c ../my_first_nios_software_project_bsp//libhal_bsp.a(alt_main.o)
                0x1000316c                alt_main
 .text          0x100031d8       0x40 ../my_first_nios_software_project_bsp//libhal_bsp.a(alt_malloc_lock.o)
                0x100031d8                __malloc_lock
                0x100031f8                __malloc_unlock
 .text          0x10003218      0x180 ../my_first_nios_software_project_bsp//libhal_bsp.a(alt_read.o)
                0x10003218                read
 .text          0x10003398       0x60 ../my_first_nios_software_project_bsp//libhal_bsp.a(alt_release_fd.o)
                0x10003398                alt_release_fd
 .text          0x100033f8       0xbc ../my_first_nios_software_project_bsp//libhal_bsp.a(alt_sbrk.o)
                0x100033f8                sbrk
 .text          0x100034b4      0x180 ../my_first_nios_software_project_bsp//libhal_bsp.a(alt_write.o)
                0x100034b4                write
 .text          0x10003634      0x108 ../my_first_nios_software_project_bsp//libhal_bsp.a(alt_sys_init.o)
                0x10003634                alt_irq_init
                0x10003668                alt_sys_init
 .text          0x1000373c      0x8d8 ../my_first_nios_software_project_bsp//libhal_bsp.a(altera_avalon_cfi_flash.o)
                0x1000373c                alt_flash_cfi_init
                0x10003810                alt_flash_cfi_write
                0x10003ad0                alt_flash_cfi_get_info
                0x10003b60                alt_flash_cfi_read
                0x10003bc8                alt_write_value_to_flash
                0x10003d2c                alt_flash_program_block
 .text          0x10004014     0x14a8 ../my_first_nios_software_project_bsp//libhal_bsp.a(altera_avalon_cfi_flash_table.o)
                0x10004014                alt_read_query_entry_8bit
                0x10004054                alt_read_query_entry_16bit
                0x10004098                alt_read_query_entry_32bit
                0x100040e0                alt_write_flash_command_8bit_device_8bit_mode
                0x1000411c                alt_write_flash_command_16bit_device_8bit_mode
                0x10004198                alt_write_flash_command_32bit_device_8bit_mode
                0x100041e0                alt_write_flash_command_16bit_device_16bit_mode
                0x10004224                alt_write_flash_command_32bit_device_16bit_mode
                0x1000426c                alt_write_flash_command_32bit_device_32bit_mode
                0x100042b4                alt_write_native_8bit
                0x100042e8                alt_write_native_16bit
                0x1000431c                alt_write_native_32bit
                0x1000434c                alt_set_flash_width_func
                0x1000452c                alt_set_flash_algorithm_func
                0x10004654                alt_read_cfi_table
                0x10004c34                alt_read_cfi_width
                0x100053e0                alt_check_primary_table
 .text          0x100054bc      0x148 ../my_first_nios_software_project_bsp//libhal_bsp.a(altera_avalon_jtag_uart_fd.o)
                0x100054bc                altera_avalon_jtag_uart_read_fd
                0x10005514                altera_avalon_jtag_uart_write_fd
                0x1000556c                altera_avalon_jtag_uart_close_fd
                0x100055b4                altera_avalon_jtag_uart_ioctl_fd
 .text          0x10005604      0x40c ../my_first_nios_software_project_bsp//libhal_bsp.a(altera_avalon_jtag_uart_init.o)
                0x10005604                altera_avalon_jtag_uart_init
                0x1000599c                altera_avalon_jtag_uart_close
 .text          0x10005a10       0xf4 ../my_first_nios_software_project_bsp//libhal_bsp.a(altera_avalon_jtag_uart_ioctl.o)
                0x10005a10                altera_avalon_jtag_uart_ioctl
 .text          0x10005b04      0x224 ../my_first_nios_software_project_bsp//libhal_bsp.a(altera_avalon_jtag_uart_read.o)
                0x10005b04                altera_avalon_jtag_uart_read
 .text          0x10005d28      0x240 ../my_first_nios_software_project_bsp//libhal_bsp.a(altera_avalon_jtag_uart_write.o)
                0x10005d28                altera_avalon_jtag_uart_write
 .text          0x10005f68      0xde4 ../my_first_nios_software_project_bsp//libhal_bsp.a(altera_avalon_sgdma.o)
                0x10005f68                alt_avalon_sgdma_do_async_transfer
                0x100060a4                alt_avalon_sgdma_do_sync_transfer
                0x100061c8                alt_avalon_sgdma_construct_mem_to_mem_desc
                0x10006238                alt_avalon_sgdma_construct_mem_to_mem_desc_burst
                0x100062b8                alt_avalon_sgdma_construct_stream_to_mem_desc
                0x1000630c                alt_avalon_sgdma_construct_stream_to_mem_desc_burst
                0x1000637c                alt_avalon_sgdma_construct_mem_to_stream_desc
                0x100063f0                alt_avalon_sgdma_construct_mem_to_stream_desc_burst
                0x10006474                alt_avalon_sgdma_register_callback
                0x100064c4                alt_avalon_sgdma_start
                0x10006518                alt_avalon_sgdma_stop
                0x10006570                alt_avalon_sgdma_check_descriptor_status
                0x100065e0                alt_avalon_sgdma_open
                0x10006698                alt_avalon_sgdma_construct_descriptor
                0x10006720                alt_avalon_sgdma_enable_desc_poll
                0x1000679c                alt_avalon_sgdma_disable_desc_poll
                0x100067f8                alt_avalon_sgdma_construct_descriptor_burst
                0x10006ca0                alt_avalon_sgdma_init
 .text          0x10006d4c      0x100 ../my_first_nios_software_project_bsp//libhal_bsp.a(altera_avalon_timer_sc.o)
                0x10006dbc                alt_avalon_timer_sc_init
 .text          0x10006e4c      0x154 ../my_first_nios_software_project_bsp//libhal_bsp.a(alt_alarm_start.o)
                0x10006e4c                alt_alarm_start
 .text          0x10006fa0       0x78 ../my_first_nios_software_project_bsp//libhal_bsp.a(alt_dcache_flush.o)
                0x10006fa0                alt_dcache_flush
 .text          0x10007018      0x114 ../my_first_nios_software_project_bsp//libhal_bsp.a(alt_dev_llist_insert.o)
                0x10007018                alt_dev_llist_insert
 .text          0x1000712c       0x64 ../my_first_nios_software_project_bsp//libhal_bsp.a(alt_do_ctors.o)
                0x1000712c                _do_ctors
 .text          0x10007190       0x64 ../my_first_nios_software_project_bsp//libhal_bsp.a(alt_do_dtors.o)
                0x10007190                _do_dtors
 .text          0x100071f4       0x94 ../my_first_nios_software_project_bsp//libhal_bsp.a(alt_find_dev.o)
                0x100071f4                alt_find_dev
 .text          0x10007288       0xd0 ../my_first_nios_software_project_bsp//libhal_bsp.a(alt_flash_dev.o)
                0x10007288                alt_flash_open_dev
                0x10007304                alt_flash_close_dev
 .text          0x10007358      0x1d4 ../my_first_nios_software_project_bsp//libhal_bsp.a(alt_iic.o)
                0x10007358                alt_ic_isr_register
                0x100073a8                alt_ic_irq_enable
                0x10007444                alt_ic_irq_disable
                0x100074e4                alt_ic_irq_enabled
 .text          0x1000752c       0xf8 ../my_first_nios_software_project_bsp//libhal_bsp.a(alt_iic_isr_register.o)
                0x1000752c                alt_iic_isr_register
 .text          0x10007624      0x13c ../my_first_nios_software_project_bsp//libhal_bsp.a(alt_io_redirect.o)
                0x100076e8                alt_io_redirect
 .text          0x10007760        0x0 ../my_first_nios_software_project_bsp//libhal_bsp.a(alt_irq_entry.o)
 .text          0x10007760        0x0 ../my_first_nios_software_project_bsp//libhal_bsp.a(alt_irq_handler.o)
 .text          0x10007760        0x0 ../my_first_nios_software_project_bsp//libhal_bsp.a(alt_irq_vars.o)
 .text          0x10007760      0x2c4 ../my_first_nios_software_project_bsp//libhal_bsp.a(alt_open.o)
                0x1000783c                open
 .text          0x10007a24       0x40 ../my_first_nios_software_project_bsp//libhal_bsp.a(alt_remap_uncached.o)
                0x10007a24                alt_remap_uncached
 .text          0x10007a64      0x1a4 ../my_first_nios_software_project_bsp//libhal_bsp.a(alt_tick.o)
                0x10007a64                alt_alarm_stop
                0x10007afc                alt_tick
 .text          0x10007c08       0x20 ../my_first_nios_software_project_bsp//libhal_bsp.a(altera_nios2_qsys_irq.o)
                0x10007c08                altera_nios2_qsys_irq_init
 .text          0x10007c28      0x460 ../my_first_nios_software_project_bsp//libhal_bsp.a(altera_avalon_cfi_flash_amd.o)
                0x10007c28                alt_program_amd
                0x10007c90                alt_erase_block_amd
 .text          0x10008088      0x460 ../my_first_nios_software_project_bsp//libhal_bsp.a(altera_avalon_cfi_flash_intel.o)
                0x10008088                alt_program_intel
                0x1000810c                alt_erase_block_intel
 .text          0x100084e8        0x0 ../my_first_nios_software_project_bsp//libhal_bsp.a(alt_exception_entry.o)
 .text          0x100084e8      0x120 ../my_first_nios_software_project_bsp//libhal_bsp.a(alt_find_file.o)
                0x100084e8                alt_find_file
 .text          0x10008608       0xb8 ../my_first_nios_software_project_bsp//libhal_bsp.a(alt_get_fd.o)
                0x10008608                alt_get_fd
 .text          0x100086c0       0x30 ../my_first_nios_software_project_bsp//libhal_bsp.a(alt_usleep.o)
                0x100086c0                usleep
 .text          0x100086f0      0x12c ../my_first_nios_software_project_bsp//libhal_bsp.a(alt_busy_sleep.o)
                0x100086f0                alt_busy_sleep
 .text          0x1000881c       0x14 /opt/altera/13.0sp1/nios2eds/bin/gnu/H-i686-pc-linux-gnu/bin/../lib/gcc/nios2-elf/4.1.2/../../../../nios2-elf/lib/libc.a(lib_a-atexit.o)
                0x1000881c                atexit
 .text          0x10008830       0x38 /opt/altera/13.0sp1/nios2eds/bin/gnu/H-i686-pc-linux-gnu/bin/../lib/gcc/nios2-elf/4.1.2/../../../../nios2-elf/lib/libc.a(lib_a-exit.o)
                0x10008830                exit
 .text          0x10008868       0x74 /opt/altera/13.0sp1/nios2eds/bin/gnu/H-i686-pc-linux-gnu/bin/../lib/gcc/nios2-elf/4.1.2/../../../../nios2-elf/lib/libc.a(lib_a-memcmp.o)
                0x10008868                memcmp
 .text          0x100088dc      0x134 /opt/altera/13.0sp1/nios2eds/bin/gnu/H-i686-pc-linux-gnu/bin/../lib/gcc/nios2-elf/4.1.2/../../../../nios2-elf/lib/libc.a(lib_a-__atexit.o)
                0x100088dc                __register_exitproc
 .text          0x10008a10      0x1b4 /opt/altera/13.0sp1/nios2eds/bin/gnu/H-i686-pc-linux-gnu/bin/../lib/gcc/nios2-elf/4.1.2/../../../../nios2-elf/lib/libc.a(lib_a-__call_atexit.o)
                0x10008a14                __call_exitprocs
 .text          0x10008bc4       0x60 ../my_first_nios_software_project_bsp//libhal_bsp.a(alt_exit.o)
                0x10008c04                _exit
 *(.gnu.warning.*)
 *(.fini)
                0x10008c24                PROVIDE (__etext, ABSOLUTE (.))
                0x10008c24                PROVIDE (_etext, ABSOLUTE (.))
                0x10008c24                PROVIDE (etext, ABSOLUTE (.))
 *(.eh_frame_hdr)
                0x10008c24                . = ALIGN (0x4)
                0x10008c24                PROVIDE (__preinit_array_start, ABSOLUTE (.))
 *(.preinit_array)
                0x10008c24                PROVIDE (__preinit_array_end, ABSOLUTE (.))
                0x10008c24                PROVIDE (__init_array_start, ABSOLUTE (.))
 *(.init_array)
                0x10008c24                PROVIDE (__init_array_end, ABSOLUTE (.))
                0x10008c24                PROVIDE (__fini_array_start, ABSOLUTE (.))
 *(.fini_array)
                0x10008c24                PROVIDE (__fini_array_end, ABSOLUTE (.))
 *(.eh_frame)
 *(.gcc_except_table)
 *(.dynamic)
                0x10008c24                PROVIDE (__CTOR_LIST__, ABSOLUTE (.))
 *(.ctors)
 *(SORT(.ctors.*))
 .ctors.65535   0x10008c24        0x4 /opt/altera/13.0sp1/nios2eds/bin/gnu/H-i686-pc-linux-gnu/bin/../lib/gcc/nios2-elf/4.1.2/../../../../nios2-elf/lib/libc.a(lib_a-__call_atexit.o)
                0x10008c28                PROVIDE (__CTOR_END__, ABSOLUTE (.))
                0x10008c28                PROVIDE (__DTOR_LIST__, ABSOLUTE (.))
 *(.dtors)
 *(SORT(.dtors.*))
                0x10008c28                PROVIDE (__DTOR_END__, ABSOLUTE (.))
 *(.jcr)
                0x10008c28                . = ALIGN (0x4)

.rodata         0x10008c28       0xc8
                0x10008c28                PROVIDE (__ram_rodata_start, ABSOLUTE (.))
                0x10008c28                . = ALIGN (0x4)
 *(.rodata .rodata.* .gnu.linkonce.r.*)
 .rodata        0x10008c28       0x14 obj/default/hello_world.o
 .rodata.str1.4
                0x10008c3c        0x2 /opt/altera/13.0sp1/nios2eds/bin/gnu/H-i686-pc-linux-gnu/bin/../lib/gcc/nios2-elf/4.1.2/../../../../nios2-elf/lib/libc.a(lib_a-puts.o)
                                  0x4 (size before relaxing)
 *fill*         0x10008c3e        0x2 00
 .rodata.str1.4
                0x10008c40        0x4 /opt/altera/13.0sp1/nios2eds/bin/gnu/H-i686-pc-linux-gnu/bin/../lib/gcc/nios2-elf/4.1.2/../../../../nios2-elf/lib/libc.a(lib_a-impure.o)
 .rodata        0x10008c44        0xc ../my_first_nios_software_project_bsp//libhal_bsp.a(alt_dev.o)
 .rodata        0x10008c50       0x24 ../my_first_nios_software_project_bsp//libhal_bsp.a(alt_main.o)
 .rodata        0x10008c74       0x7c ../my_first_nios_software_project_bsp//libhal_bsp.a(alt_sys_init.o)
 *(.rodata1)
                0x10008cf0                . = ALIGN (0x4)
                0x10008cf0                PROVIDE (__ram_rodata_end, ABSOLUTE (.))
                0x10008c28                PROVIDE (__flash_rodata_start, LOADADDR (.rodata))

.rwdata         0x10008cf0     0x1b90
                0x10008cf0                PROVIDE (__ram_rwdata_start, ABSOLUTE (.))
                0x10008cf0                . = ALIGN (0x4)
 *(.got.plt)
 *(.got)
 *(.data1)
 *(.data .data.* .gnu.linkonce.d.*)
 .data          0x10008cf0        0x0 ../my_first_nios_software_project_bsp//obj/HAL/src/crt0.o
 .data          0x10008cf0        0x0 obj/default/hello_world.o
 .data          0x10008cf0        0x0 /opt/altera/13.0sp1/nios2eds/bin/gnu/H-i686-pc-linux-gnu/bin/../lib/gcc/nios2-elf/4.1.2/../../../../nios2-elf/lib/libc.a(lib_a-puts.o)
 .data          0x10008cf0        0x0 /opt/altera/13.0sp1/nios2eds/bin/gnu/H-i686-pc-linux-gnu/bin/../lib/gcc/nios2-elf/4.1.2/../../../../nios2-elf/lib/libc.a(lib_a-strlen.o)
 .data          0x10008cf0        0x0 /opt/altera/13.0sp1/nios2eds/bin/gnu/H-i686-pc-linux-gnu/bin/../lib/gcc/nios2-elf/4.1.2/../../../../nios2-elf/lib/libc.a(lib_a-fvwrite.o)
 .data          0x10008cf0      0x400 /opt/altera/13.0sp1/nios2eds/bin/gnu/H-i686-pc-linux-gnu/bin/../lib/gcc/nios2-elf/4.1.2/../../../../nios2-elf/lib/libc.a(lib_a-impure.o)
 .data          0x100090f0      0x408 /opt/altera/13.0sp1/nios2eds/bin/gnu/H-i686-pc-linux-gnu/bin/../lib/gcc/nios2-elf/4.1.2/../../../../nios2-elf/lib/libc.a(lib_a-mallocr.o)
                0x100090f0                __malloc_av_
 .data          0x100094f8        0x0 /opt/altera/13.0sp1/nios2eds/bin/gnu/H-i686-pc-linux-gnu/bin/../lib/gcc/nios2-elf/4.1.2/../../../../nios2-elf/lib/libc.a(lib_a-memchr.o)
 .data          0x100094f8        0x0 /opt/altera/13.0sp1/nios2eds/bin/gnu/H-i686-pc-linux-gnu/bin/../lib/gcc/nios2-elf/4.1.2/../../../../nios2-elf/lib/libc.a(lib_a-memcpy.o)
 .data          0x100094f8        0x0 /opt/altera/13.0sp1/nios2eds/bin/gnu/H-i686-pc-linux-gnu/bin/../lib/gcc/nios2-elf/4.1.2/../../../../nios2-elf/lib/libc.a(lib_a-memmove.o)
 .data          0x100094f8        0x0 /opt/altera/13.0sp1/nios2eds/bin/gnu/H-i686-pc-linux-gnu/bin/../lib/gcc/nios2-elf/4.1.2/../../../../nios2-elf/lib/libc.a(lib_a-reallocr.o)
 .data          0x100094f8        0x0 /opt/altera/13.0sp1/nios2eds/bin/gnu/H-i686-pc-linux-gnu/bin/../lib/gcc/nios2-elf/4.1.2/../../../../nios2-elf/lib/libc.a(lib_a-sbrkr.o)
 .data          0x100094f8        0x0 /opt/altera/13.0sp1/nios2eds/bin/gnu/H-i686-pc-linux-gnu/bin/../lib/gcc/nios2-elf/4.1.2/../../../../nios2-elf/lib/libc.a(lib_a-wsetup.o)
 .data          0x100094f8        0x0 /opt/altera/13.0sp1/nios2eds/bin/gnu/H-i686-pc-linux-gnu/bin/../lib/gcc/nios2-elf/4.1.2/../../../../nios2-elf/lib/libc.a(lib_a-fflush.o)
 .data          0x100094f8        0x0 /opt/altera/13.0sp1/nios2eds/bin/gnu/H-i686-pc-linux-gnu/bin/../lib/gcc/nios2-elf/4.1.2/../../../../nios2-elf/lib/libc.a(lib_a-findfp.o)
 .data          0x100094f8        0x0 /opt/altera/13.0sp1/nios2eds/bin/gnu/H-i686-pc-linux-gnu/bin/../lib/gcc/nios2-elf/4.1.2/../../../../nios2-elf/lib/libc.a(lib_a-freer.o)
 .data          0x100094f8        0x0 /opt/altera/13.0sp1/nios2eds/bin/gnu/H-i686-pc-linux-gnu/bin/../lib/gcc/nios2-elf/4.1.2/../../../../nios2-elf/lib/libc.a(lib_a-fwalk.o)
 .data          0x100094f8        0x0 /opt/altera/13.0sp1/nios2eds/bin/gnu/H-i686-pc-linux-gnu/bin/../lib/gcc/nios2-elf/4.1.2/../../../../nios2-elf/lib/libc.a(lib_a-int_errno.o)
 .data          0x100094f8        0x0 /opt/altera/13.0sp1/nios2eds/bin/gnu/H-i686-pc-linux-gnu/bin/../lib/gcc/nios2-elf/4.1.2/../../../../nios2-elf/lib/libc.a(lib_a-makebuf.o)
 .data          0x100094f8        0x0 /opt/altera/13.0sp1/nios2eds/bin/gnu/H-i686-pc-linux-gnu/bin/../lib/gcc/nios2-elf/4.1.2/../../../../nios2-elf/lib/libc.a(lib_a-memset.o)
 .data          0x100094f8        0x0 /opt/altera/13.0sp1/nios2eds/bin/gnu/H-i686-pc-linux-gnu/bin/../lib/gcc/nios2-elf/4.1.2/../../../../nios2-elf/lib/libc.a(lib_a-stdio.o)
 .data          0x100094f8        0x0 /opt/altera/13.0sp1/nios2eds/bin/gnu/H-i686-pc-linux-gnu/bin/../lib/gcc/nios2-elf/4.1.2/../../../../nios2-elf/lib/libc.a(lib_a-writer.o)
 .data          0x100094f8        0x0 /opt/altera/13.0sp1/nios2eds/bin/gnu/H-i686-pc-linux-gnu/bin/../lib/gcc/nios2-elf/4.1.2/../../../../nios2-elf/lib/libc.a(lib_a-closer.o)
 .data          0x100094f8        0x0 /opt/altera/13.0sp1/nios2eds/bin/gnu/H-i686-pc-linux-gnu/bin/../lib/gcc/nios2-elf/4.1.2/../../../../nios2-elf/lib/libc.a(lib_a-fclose.o)
 .data          0x100094f8        0x0 /opt/altera/13.0sp1/nios2eds/bin/gnu/H-i686-pc-linux-gnu/bin/../lib/gcc/nios2-elf/4.1.2/../../../../nios2-elf/lib/libc.a(lib_a-fstatr.o)
 .data          0x100094f8        0x0 /opt/altera/13.0sp1/nios2eds/bin/gnu/H-i686-pc-linux-gnu/bin/../lib/gcc/nios2-elf/4.1.2/../../../../nios2-elf/lib/libc.a(lib_a-isattyr.o)
 .data          0x100094f8        0x0 /opt/altera/13.0sp1/nios2eds/bin/gnu/H-i686-pc-linux-gnu/bin/../lib/gcc/nios2-elf/4.1.2/../../../../nios2-elf/lib/libc.a(lib_a-lseekr.o)
 .data          0x100094f8        0x0 /opt/altera/13.0sp1/nios2eds/bin/gnu/H-i686-pc-linux-gnu/bin/../lib/gcc/nios2-elf/4.1.2/../../../../nios2-elf/lib/libc.a(lib_a-readr.o)
 .data          0x100094f8        0x0 ../my_first_nios_software_project_bsp//libhal_bsp.a(alt_close.o)
 .data          0x100094f8      0x1a8 ../my_first_nios_software_project_bsp//libhal_bsp.a(alt_dev.o)
                0x100094f8                alt_dev_null
                0x10009520                alt_fd_list
 .data          0x100096a0        0x0 ../my_first_nios_software_project_bsp//libhal_bsp.a(alt_errno.o)
 .data          0x100096a0        0x0 ../my_first_nios_software_project_bsp//libhal_bsp.a(alt_fstat.o)
 .data          0x100096a0        0x0 ../my_first_nios_software_project_bsp//libhal_bsp.a(alt_isatty.o)
 .data          0x100096a0        0x0 ../my_first_nios_software_project_bsp//libhal_bsp.a(alt_lseek.o)
 .data          0x100096a0        0x0 ../my_first_nios_software_project_bsp//libhal_bsp.a(alt_main.o)
 .data          0x100096a0        0x0 ../my_first_nios_software_project_bsp//libhal_bsp.a(alt_malloc_lock.o)
 .data          0x100096a0        0x0 ../my_first_nios_software_project_bsp//libhal_bsp.a(alt_read.o)
 .data          0x100096a0        0x0 ../my_first_nios_software_project_bsp//libhal_bsp.a(alt_release_fd.o)
 .data          0x100096a0        0x0 ../my_first_nios_software_project_bsp//libhal_bsp.a(alt_sbrk.o)
 .data          0x100096a0        0x0 ../my_first_nios_software_project_bsp//libhal_bsp.a(alt_write.o)
 .data          0x100096a0     0x1198 ../my_first_nios_software_project_bsp//libhal_bsp.a(alt_sys_init.o)
 .data          0x1000a838        0x0 ../my_first_nios_software_project_bsp//libhal_bsp.a(altera_avalon_cfi_flash.o)
 .data          0x1000a838        0x0 ../my_first_nios_software_project_bsp//libhal_bsp.a(altera_avalon_cfi_flash_table.o)
 .data          0x1000a838        0x0 ../my_first_nios_software_project_bsp//libhal_bsp.a(altera_avalon_jtag_uart_fd.o)
 .data          0x1000a838        0x0 ../my_first_nios_software_project_bsp//libhal_bsp.a(altera_avalon_jtag_uart_init.o)
 .data          0x1000a838        0x0 ../my_first_nios_software_project_bsp//libhal_bsp.a(altera_avalon_jtag_uart_ioctl.o)
 .data          0x1000a838        0x0 ../my_first_nios_software_project_bsp//libhal_bsp.a(altera_avalon_jtag_uart_read.o)
 .data          0x1000a838        0x0 ../my_first_nios_software_project_bsp//libhal_bsp.a(altera_avalon_jtag_uart_write.o)
 .data          0x1000a838        0x0 ../my_first_nios_software_project_bsp//libhal_bsp.a(altera_avalon_sgdma.o)
 .data          0x1000a838        0x0 ../my_first_nios_software_project_bsp//libhal_bsp.a(altera_avalon_timer_sc.o)
 .data          0x1000a838        0x0 ../my_first_nios_software_project_bsp//libhal_bsp.a(alt_alarm_start.o)
 .data          0x1000a838        0x0 ../my_first_nios_software_project_bsp//libhal_bsp.a(alt_dcache_flush.o)
 .data          0x1000a838        0x0 ../my_first_nios_software_project_bsp//libhal_bsp.a(alt_dev_llist_insert.o)
 .data          0x1000a838        0x0 ../my_first_nios_software_project_bsp//libhal_bsp.a(alt_do_ctors.o)
 .data          0x1000a838        0x0 ../my_first_nios_software_project_bsp//libhal_bsp.a(alt_do_dtors.o)
 .data          0x1000a838        0x0 ../my_first_nios_software_project_bsp//libhal_bsp.a(alt_find_dev.o)
 .data          0x1000a838        0x0 ../my_first_nios_software_project_bsp//libhal_bsp.a(alt_flash_dev.o)
 .data          0x1000a838        0x0 ../my_first_nios_software_project_bsp//libhal_bsp.a(alt_iic.o)
 .data          0x1000a838        0x0 ../my_first_nios_software_project_bsp//libhal_bsp.a(alt_iic_isr_register.o)
 .data          0x1000a838        0x0 ../my_first_nios_software_project_bsp//libhal_bsp.a(alt_io_redirect.o)
 .data          0x1000a838        0x0 ../my_first_nios_software_project_bsp//libhal_bsp.a(alt_irq_entry.o)
 .data          0x1000a838        0x0 ../my_first_nios_software_project_bsp//libhal_bsp.a(alt_irq_handler.o)
 .data          0x1000a838        0x0 ../my_first_nios_software_project_bsp//libhal_bsp.a(alt_irq_vars.o)
 .data          0x1000a838        0x0 ../my_first_nios_software_project_bsp//libhal_bsp.a(alt_open.o)
 .data          0x1000a838        0x0 ../my_first_nios_software_project_bsp//libhal_bsp.a(alt_remap_uncached.o)
 .data          0x1000a838        0x0 ../my_first_nios_software_project_bsp//libhal_bsp.a(alt_tick.o)
 .data          0x1000a838        0x0 ../my_first_nios_software_project_bsp//libhal_bsp.a(altera_nios2_qsys_irq.o)
 .data          0x1000a838        0x0 ../my_first_nios_software_project_bsp//libhal_bsp.a(altera_avalon_cfi_flash_amd.o)
 .data          0x1000a838        0x0 ../my_first_nios_software_project_bsp//libhal_bsp.a(altera_avalon_cfi_flash_intel.o)
 .data          0x1000a838        0x0 ../my_first_nios_software_project_bsp//libhal_bsp.a(alt_exception_entry.o)
 .data          0x1000a838        0x0 ../my_first_nios_software_project_bsp//libhal_bsp.a(alt_find_file.o)
 .data          0x1000a838        0x0 ../my_first_nios_software_project_bsp//libhal_bsp.a(alt_get_fd.o)
 .data          0x1000a838        0x0 ../my_first_nios_software_project_bsp//libhal_bsp.a(alt_usleep.o)
 .data          0x1000a838        0x0 ../my_first_nios_software_project_bsp//libhal_bsp.a(alt_busy_sleep.o)
 .data          0x1000a838        0x0 /opt/altera/13.0sp1/nios2eds/bin/gnu/H-i686-pc-linux-gnu/bin/../lib/gcc/nios2-elf/4.1.2/../../../../nios2-elf/lib/libc.a(lib_a-atexit.o)
 .data          0x1000a838        0x0 /opt/altera/13.0sp1/nios2eds/bin/gnu/H-i686-pc-linux-gnu/bin/../lib/gcc/nios2-elf/4.1.2/../../../../nios2-elf/lib/libc.a(lib_a-exit.o)
 .data          0x1000a838        0x0 /opt/altera/13.0sp1/nios2eds/bin/gnu/H-i686-pc-linux-gnu/bin/../lib/gcc/nios2-elf/4.1.2/../../../../nios2-elf/lib/libc.a(lib_a-memcmp.o)
 .data          0x1000a838        0x0 /opt/altera/13.0sp1/nios2eds/bin/gnu/H-i686-pc-linux-gnu/bin/../lib/gcc/nios2-elf/4.1.2/../../../../nios2-elf/lib/libc.a(lib_a-__atexit.o)
 .data          0x1000a838        0x0 /opt/altera/13.0sp1/nios2eds/bin/gnu/H-i686-pc-linux-gnu/bin/../lib/gcc/nios2-elf/4.1.2/../../../../nios2-elf/lib/libc.a(lib_a-__call_atexit.o)
 .data          0x1000a838        0x0 ../my_first_nios_software_project_bsp//libhal_bsp.a(alt_exit.o)
                0x10012838                _gp = ABSOLUTE ((. + 0x8000))
                0x10012838                PROVIDE (gp, _gp)
 *(.rwdata .rwdata.*)
 *(.sdata .sdata.* .gnu.linkonce.s.*)
 .sdata         0x1000a838        0x8 /opt/altera/13.0sp1/nios2eds/bin/gnu/H-i686-pc-linux-gnu/bin/../lib/gcc/nios2-elf/4.1.2/../../../../nios2-elf/lib/libc.a(lib_a-impure.o)
                0x1000a838                _impure_ptr
                0x1000a83c                _global_impure_ptr
 .sdata         0x1000a840        0x8 /opt/altera/13.0sp1/nios2eds/bin/gnu/H-i686-pc-linux-gnu/bin/../lib/gcc/nios2-elf/4.1.2/../../../../nios2-elf/lib/libc.a(lib_a-mallocr.o)
                0x1000a840                __malloc_trim_threshold
                0x1000a844                __malloc_sbrk_base
 .sdata         0x1000a848       0x14 ../my_first_nios_software_project_bsp//libhal_bsp.a(alt_dev.o)
                0x1000a848                alt_fs_list
                0x1000a850                alt_dev_list
                0x1000a858                alt_max_fd
 .sdata         0x1000a85c        0x4 ../my_first_nios_software_project_bsp//libhal_bsp.a(alt_errno.o)
                0x1000a85c                alt_errno
 .sdata         0x1000a860        0x4 ../my_first_nios_software_project_bsp//libhal_bsp.a(alt_sbrk.o)
 .sdata         0x1000a864        0x8 ../my_first_nios_software_project_bsp//libhal_bsp.a(altera_avalon_sgdma.o)
                0x1000a864                alt_sgdma_list
 .sdata         0x1000a86c        0x8 ../my_first_nios_software_project_bsp//libhal_bsp.a(alt_flash_dev.o)
                0x1000a86c                alt_flash_dev_list
 .sdata         0x1000a874        0x4 ../my_first_nios_software_project_bsp//libhal_bsp.a(alt_irq_vars.o)
                0x1000a874                alt_priority_mask
 .sdata         0x1000a878        0x8 ../my_first_nios_software_project_bsp//libhal_bsp.a(alt_tick.o)
                0x1000a878                alt_alarm_list
 *(.sdata2 .sdata2.* .gnu.linkonce.s2.*)
                0x1000a880                . = ALIGN (0x4)
                0x1000a880                _edata = ABSOLUTE (.)
                0x1000a880                PROVIDE (edata, ABSOLUTE (.))
                0x1000a880                PROVIDE (__ram_rwdata_end, ABSOLUTE (.))
                0x10008cf0                PROVIDE (__flash_rwdata_start, LOADADDR (.rwdata))

.bss            0x1000a880      0x2e0
                0x1000a880                __bss_start = ABSOLUTE (.)
                0x1000a880                PROVIDE (__sbss_start, ABSOLUTE (.))
                0x1000a880                PROVIDE (___sbss_start, ABSOLUTE (.))
 *(.dynsbss)
 *(.sbss .sbss.* .gnu.linkonce.sb.*)
 .sbss          0x1000a880        0xc /opt/altera/13.0sp1/nios2eds/bin/gnu/H-i686-pc-linux-gnu/bin/../lib/gcc/nios2-elf/4.1.2/../../../../nios2-elf/lib/libc.a(lib_a-mallocr.o)
                0x1000a880                __malloc_top_pad
                0x1000a884                __malloc_max_sbrked_mem
                0x1000a888                __malloc_max_total_mem
 .sbss          0x1000a88c        0x4 /opt/altera/13.0sp1/nios2eds/bin/gnu/H-i686-pc-linux-gnu/bin/../lib/gcc/nios2-elf/4.1.2/../../../../nios2-elf/lib/libc.a(lib_a-int_errno.o)
                0x1000a88c                errno
 .sbss          0x1000a890        0xc ../my_first_nios_software_project_bsp//libhal_bsp.a(alt_main.o)
                0x1000a890                alt_argc
                0x1000a894                alt_argv
                0x1000a898                alt_envp
 .sbss          0x1000a89c        0x4 ../my_first_nios_software_project_bsp//libhal_bsp.a(alt_irq_vars.o)
                0x1000a89c                alt_irq_active
 .sbss          0x1000a8a0        0x8 ../my_first_nios_software_project_bsp//libhal_bsp.a(alt_tick.o)
                0x1000a8a0                _alt_tick_rate
                0x1000a8a4                _alt_nticks
 *(.sbss2 .sbss2.* .gnu.linkonce.sb2.*)
 *(.scommon)
                0x1000a8a8                PROVIDE (__sbss_end, ABSOLUTE (.))
                0x1000a8a8                PROVIDE (___sbss_end, ABSOLUTE (.))
 *(.dynbss)
 *(.bss .bss.* .gnu.linkonce.b.*)
 .bss           0x1000a8a8        0x0 ../my_first_nios_software_project_bsp//obj/HAL/src/crt0.o
 .bss           0x1000a8a8        0x0 obj/default/hello_world.o
 .bss           0x1000a8a8        0x0 /opt/altera/13.0sp1/nios2eds/bin/gnu/H-i686-pc-linux-gnu/bin/../lib/gcc/nios2-elf/4.1.2/../../../../nios2-elf/lib/libc.a(lib_a-puts.o)
 .bss           0x1000a8a8        0x0 /opt/altera/13.0sp1/nios2eds/bin/gnu/H-i686-pc-linux-gnu/bin/../lib/gcc/nios2-elf/4.1.2/../../../../nios2-elf/lib/libc.a(lib_a-strlen.o)
 .bss           0x1000a8a8        0x0 /opt/altera/13.0sp1/nios2eds/bin/gnu/H-i686-pc-linux-gnu/bin/../lib/gcc/nios2-elf/4.1.2/../../../../nios2-elf/lib/libc.a(lib_a-fvwrite.o)
 .bss           0x1000a8a8        0x0 /opt/altera/13.0sp1/nios2eds/bin/gnu/H-i686-pc-linux-gnu/bin/../lib/gcc/nios2-elf/4.1.2/../../../../nios2-elf/lib/libc.a(lib_a-impure.o)
 .bss           0x1000a8a8       0x28 /opt/altera/13.0sp1/nios2eds/bin/gnu/H-i686-pc-linux-gnu/bin/../lib/gcc/nios2-elf/4.1.2/../../../../nios2-elf/lib/libc.a(lib_a-mallocr.o)
                0x1000a8a8                __malloc_current_mallinfo
 .bss           0x1000a8d0        0x0 /opt/altera/13.0sp1/nios2eds/bin/gnu/H-i686-pc-linux-gnu/bin/../lib/gcc/nios2-elf/4.1.2/../../../../nios2-elf/lib/libc.a(lib_a-memchr.o)
 .bss           0x1000a8d0        0x0 /opt/altera/13.0sp1/nios2eds/bin/gnu/H-i686-pc-linux-gnu/bin/../lib/gcc/nios2-elf/4.1.2/../../../../nios2-elf/lib/libc.a(lib_a-memcpy.o)
 .bss           0x1000a8d0        0x0 /opt/altera/13.0sp1/nios2eds/bin/gnu/H-i686-pc-linux-gnu/bin/../lib/gcc/nios2-elf/4.1.2/../../../../nios2-elf/lib/libc.a(lib_a-memmove.o)
 .bss           0x1000a8d0        0x0 /opt/altera/13.0sp1/nios2eds/bin/gnu/H-i686-pc-linux-gnu/bin/../lib/gcc/nios2-elf/4.1.2/../../../../nios2-elf/lib/libc.a(lib_a-reallocr.o)
 .bss           0x1000a8d0        0x0 /opt/altera/13.0sp1/nios2eds/bin/gnu/H-i686-pc-linux-gnu/bin/../lib/gcc/nios2-elf/4.1.2/../../../../nios2-elf/lib/libc.a(lib_a-sbrkr.o)
 .bss           0x1000a8d0        0x0 /opt/altera/13.0sp1/nios2eds/bin/gnu/H-i686-pc-linux-gnu/bin/../lib/gcc/nios2-elf/4.1.2/../../../../nios2-elf/lib/libc.a(lib_a-wsetup.o)
 .bss           0x1000a8d0        0x0 /opt/altera/13.0sp1/nios2eds/bin/gnu/H-i686-pc-linux-gnu/bin/../lib/gcc/nios2-elf/4.1.2/../../../../nios2-elf/lib/libc.a(lib_a-fflush.o)
 .bss           0x1000a8d0        0x0 /opt/altera/13.0sp1/nios2eds/bin/gnu/H-i686-pc-linux-gnu/bin/../lib/gcc/nios2-elf/4.1.2/../../../../nios2-elf/lib/libc.a(lib_a-findfp.o)
 .bss           0x1000a8d0        0x0 /opt/altera/13.0sp1/nios2eds/bin/gnu/H-i686-pc-linux-gnu/bin/../lib/gcc/nios2-elf/4.1.2/../../../../nios2-elf/lib/libc.a(lib_a-freer.o)
 .bss           0x1000a8d0        0x0 /opt/altera/13.0sp1/nios2eds/bin/gnu/H-i686-pc-linux-gnu/bin/../lib/gcc/nios2-elf/4.1.2/../../../../nios2-elf/lib/libc.a(lib_a-fwalk.o)
 .bss           0x1000a8d0        0x0 /opt/altera/13.0sp1/nios2eds/bin/gnu/H-i686-pc-linux-gnu/bin/../lib/gcc/nios2-elf/4.1.2/../../../../nios2-elf/lib/libc.a(lib_a-int_errno.o)
 .bss           0x1000a8d0        0x0 /opt/altera/13.0sp1/nios2eds/bin/gnu/H-i686-pc-linux-gnu/bin/../lib/gcc/nios2-elf/4.1.2/../../../../nios2-elf/lib/libc.a(lib_a-makebuf.o)
 .bss           0x1000a8d0        0x0 /opt/altera/13.0sp1/nios2eds/bin/gnu/H-i686-pc-linux-gnu/bin/../lib/gcc/nios2-elf/4.1.2/../../../../nios2-elf/lib/libc.a(lib_a-memset.o)
 .bss           0x1000a8d0        0x0 /opt/altera/13.0sp1/nios2eds/bin/gnu/H-i686-pc-linux-gnu/bin/../lib/gcc/nios2-elf/4.1.2/../../../../nios2-elf/lib/libc.a(lib_a-stdio.o)
 .bss           0x1000a8d0        0x0 /opt/altera/13.0sp1/nios2eds/bin/gnu/H-i686-pc-linux-gnu/bin/../lib/gcc/nios2-elf/4.1.2/../../../../nios2-elf/lib/libc.a(lib_a-writer.o)
 .bss           0x1000a8d0        0x0 /opt/altera/13.0sp1/nios2eds/bin/gnu/H-i686-pc-linux-gnu/bin/../lib/gcc/nios2-elf/4.1.2/../../../../nios2-elf/lib/libc.a(lib_a-closer.o)
 .bss           0x1000a8d0        0x0 /opt/altera/13.0sp1/nios2eds/bin/gnu/H-i686-pc-linux-gnu/bin/../lib/gcc/nios2-elf/4.1.2/../../../../nios2-elf/lib/libc.a(lib_a-fclose.o)
 .bss           0x1000a8d0        0x0 /opt/altera/13.0sp1/nios2eds/bin/gnu/H-i686-pc-linux-gnu/bin/../lib/gcc/nios2-elf/4.1.2/../../../../nios2-elf/lib/libc.a(lib_a-fstatr.o)
 .bss           0x1000a8d0        0x0 /opt/altera/13.0sp1/nios2eds/bin/gnu/H-i686-pc-linux-gnu/bin/../lib/gcc/nios2-elf/4.1.2/../../../../nios2-elf/lib/libc.a(lib_a-isattyr.o)
 .bss           0x1000a8d0        0x0 /opt/altera/13.0sp1/nios2eds/bin/gnu/H-i686-pc-linux-gnu/bin/../lib/gcc/nios2-elf/4.1.2/../../../../nios2-elf/lib/libc.a(lib_a-lseekr.o)
 .bss           0x1000a8d0        0x0 /opt/altera/13.0sp1/nios2eds/bin/gnu/H-i686-pc-linux-gnu/bin/../lib/gcc/nios2-elf/4.1.2/../../../../nios2-elf/lib/libc.a(lib_a-readr.o)
 .bss           0x1000a8d0        0x0 ../my_first_nios_software_project_bsp//libhal_bsp.a(alt_close.o)
 .bss           0x1000a8d0        0x0 ../my_first_nios_software_project_bsp//libhal_bsp.a(alt_dev.o)
 .bss           0x1000a8d0        0x0 ../my_first_nios_software_project_bsp//libhal_bsp.a(alt_errno.o)
 .bss           0x1000a8d0        0x0 ../my_first_nios_software_project_bsp//libhal_bsp.a(alt_fstat.o)
 .bss           0x1000a8d0        0x0 ../my_first_nios_software_project_bsp//libhal_bsp.a(alt_isatty.o)
 .bss           0x1000a8d0        0x0 ../my_first_nios_software_project_bsp//libhal_bsp.a(alt_lseek.o)
 .bss           0x1000a8d0        0x0 ../my_first_nios_software_project_bsp//libhal_bsp.a(alt_main.o)
 .bss           0x1000a8d0        0x0 ../my_first_nios_software_project_bsp//libhal_bsp.a(alt_malloc_lock.o)
 .bss           0x1000a8d0        0x0 ../my_first_nios_software_project_bsp//libhal_bsp.a(alt_read.o)
 .bss           0x1000a8d0        0x0 ../my_first_nios_software_project_bsp//libhal_bsp.a(alt_release_fd.o)
 .bss           0x1000a8d0        0x0 ../my_first_nios_software_project_bsp//libhal_bsp.a(alt_sbrk.o)
 .bss           0x1000a8d0        0x0 ../my_first_nios_software_project_bsp//libhal_bsp.a(alt_write.o)
 .bss           0x1000a8d0        0x0 ../my_first_nios_software_project_bsp//libhal_bsp.a(alt_sys_init.o)
 .bss           0x1000a8d0        0x0 ../my_first_nios_software_project_bsp//libhal_bsp.a(altera_avalon_cfi_flash.o)
 .bss           0x1000a8d0        0x0 ../my_first_nios_software_project_bsp//libhal_bsp.a(altera_avalon_cfi_flash_table.o)
 .bss           0x1000a8d0        0x0 ../my_first_nios_software_project_bsp//libhal_bsp.a(altera_avalon_jtag_uart_fd.o)
 .bss           0x1000a8d0        0x0 ../my_first_nios_software_project_bsp//libhal_bsp.a(altera_avalon_jtag_uart_init.o)
 .bss           0x1000a8d0        0x0 ../my_first_nios_software_project_bsp//libhal_bsp.a(altera_avalon_jtag_uart_ioctl.o)
 .bss           0x1000a8d0        0x0 ../my_first_nios_software_project_bsp//libhal_bsp.a(altera_avalon_jtag_uart_read.o)
 .bss           0x1000a8d0        0x0 ../my_first_nios_software_project_bsp//libhal_bsp.a(altera_avalon_jtag_uart_write.o)
 .bss           0x1000a8d0        0x0 ../my_first_nios_software_project_bsp//libhal_bsp.a(altera_avalon_sgdma.o)
 .bss           0x1000a8d0        0x0 ../my_first_nios_software_project_bsp//libhal_bsp.a(altera_avalon_timer_sc.o)
 .bss           0x1000a8d0        0x0 ../my_first_nios_software_project_bsp//libhal_bsp.a(alt_alarm_start.o)
 .bss           0x1000a8d0        0x0 ../my_first_nios_software_project_bsp//libhal_bsp.a(alt_dcache_flush.o)
 .bss           0x1000a8d0        0x0 ../my_first_nios_software_project_bsp//libhal_bsp.a(alt_dev_llist_insert.o)
 .bss           0x1000a8d0        0x0 ../my_first_nios_software_project_bsp//libhal_bsp.a(alt_do_ctors.o)
 .bss           0x1000a8d0        0x0 ../my_first_nios_software_project_bsp//libhal_bsp.a(alt_do_dtors.o)
 .bss           0x1000a8d0        0x0 ../my_first_nios_software_project_bsp//libhal_bsp.a(alt_find_dev.o)
 .bss           0x1000a8d0        0x0 ../my_first_nios_software_project_bsp//libhal_bsp.a(alt_flash_dev.o)
 .bss           0x1000a8d0        0x0 ../my_first_nios_software_project_bsp//libhal_bsp.a(alt_iic.o)
 .bss           0x1000a8d0        0x0 ../my_first_nios_software_project_bsp//libhal_bsp.a(alt_iic_isr_register.o)
 .bss           0x1000a8d0        0x0 ../my_first_nios_software_project_bsp//libhal_bsp.a(alt_io_redirect.o)
 .bss           0x1000a8d0        0x0 ../my_first_nios_software_project_bsp//libhal_bsp.a(alt_irq_entry.o)
 .bss           0x1000a8d0        0x0 ../my_first_nios_software_project_bsp//libhal_bsp.a(alt_irq_handler.o)
 .bss           0x1000a8d0        0x0 ../my_first_nios_software_project_bsp//libhal_bsp.a(alt_irq_vars.o)
 .bss           0x1000a8d0        0x0 ../my_first_nios_software_project_bsp//libhal_bsp.a(alt_open.o)
 .bss           0x1000a8d0        0x0 ../my_first_nios_software_project_bsp//libhal_bsp.a(alt_remap_uncached.o)
 .bss           0x1000a8d0        0x0 ../my_first_nios_software_project_bsp//libhal_bsp.a(alt_tick.o)
 .bss           0x1000a8d0        0x0 ../my_first_nios_software_project_bsp//libhal_bsp.a(altera_nios2_qsys_irq.o)
 .bss           0x1000a8d0        0x0 ../my_first_nios_software_project_bsp//libhal_bsp.a(altera_avalon_cfi_flash_amd.o)
 .bss           0x1000a8d0        0x0 ../my_first_nios_software_project_bsp//libhal_bsp.a(altera_avalon_cfi_flash_intel.o)
 .bss           0x1000a8d0        0x0 ../my_first_nios_software_project_bsp//libhal_bsp.a(alt_exception_entry.o)
 .bss           0x1000a8d0        0x0 ../my_first_nios_software_project_bsp//libhal_bsp.a(alt_find_file.o)
 .bss           0x1000a8d0        0x0 ../my_first_nios_software_project_bsp//libhal_bsp.a(alt_get_fd.o)
 .bss           0x1000a8d0        0x0 ../my_first_nios_software_project_bsp//libhal_bsp.a(alt_usleep.o)
 .bss           0x1000a8d0        0x0 ../my_first_nios_software_project_bsp//libhal_bsp.a(alt_busy_sleep.o)
 .bss           0x1000a8d0        0x0 /opt/altera/13.0sp1/nios2eds/bin/gnu/H-i686-pc-linux-gnu/bin/../lib/gcc/nios2-elf/4.1.2/../../../../nios2-elf/lib/libc.a(lib_a-atexit.o)
 .bss           0x1000a8d0        0x0 /opt/altera/13.0sp1/nios2eds/bin/gnu/H-i686-pc-linux-gnu/bin/../lib/gcc/nios2-elf/4.1.2/../../../../nios2-elf/lib/libc.a(lib_a-exit.o)
 .bss           0x1000a8d0        0x0 /opt/altera/13.0sp1/nios2eds/bin/gnu/H-i686-pc-linux-gnu/bin/../lib/gcc/nios2-elf/4.1.2/../../../../nios2-elf/lib/libc.a(lib_a-memcmp.o)
 .bss           0x1000a8d0        0x0 /opt/altera/13.0sp1/nios2eds/bin/gnu/H-i686-pc-linux-gnu/bin/../lib/gcc/nios2-elf/4.1.2/../../../../nios2-elf/lib/libc.a(lib_a-__atexit.o)
 .bss           0x1000a8d0        0x0 /opt/altera/13.0sp1/nios2eds/bin/gnu/H-i686-pc-linux-gnu/bin/../lib/gcc/nios2-elf/4.1.2/../../../../nios2-elf/lib/libc.a(lib_a-__call_atexit.o)
 .bss           0x1000a8d0        0x0 ../my_first_nios_software_project_bsp//libhal_bsp.a(alt_exit.o)
 *(COMMON)
 COMMON         0x1000a8d0      0x100 ../my_first_nios_software_project_bsp//libhal_bsp.a(alt_irq_handler.o)
                0x1000a8d0                alt_irq
 COMMON         0x1000a9d0      0x190 /opt/altera/13.0sp1/nios2eds/bin/gnu/H-i686-pc-linux-gnu/bin/../lib/gcc/nios2-elf/4.1.2/../../../../nios2-elf/lib/libc.a(lib_a-atexit.o)
                0x1000a9d0                _atexit0
                0x1000ab60                . = ALIGN (0x4)
                0x1000ab60                __bss_end = ABSOLUTE (.)

.ext_flash      0x00000020        0x0
                0x00000020                PROVIDE (_alt_partition_ext_flash_start, ABSOLUTE (.))
 *(.ext_flash. ext_flash.*)
                0x00000020                . = ALIGN (0x4)
                0x00000020                PROVIDE (_alt_partition_ext_flash_end, ABSOLUTE (.))
                0x00000020                PROVIDE (_alt_partition_ext_flash_load_addr, LOADADDR (.ext_flash))

.ethernet_subsystem_descriptor_memory
                0x0800c000        0x0
                0x0800c000                PROVIDE (_alt_partition_ethernet_subsystem_descriptor_memory_start, ABSOLUTE (.))
 *(.ethernet_subsystem_descriptor_memory. ethernet_subsystem_descriptor_memory.*)
                0x0800c000                . = ALIGN (0x4)
                0x0800c000                PROVIDE (_alt_partition_ethernet_subsystem_descriptor_memory_end, ABSOLUTE (.))
                0x0800c000                PROVIDE (_alt_partition_ethernet_subsystem_descriptor_memory_load_addr, LOADADDR (.ethernet_subsystem_descriptor_memory))

.sdram          0x1000ab60        0x0
                0x1000ab60                PROVIDE (_alt_partition_sdram_start, ABSOLUTE (.))
 *(.sdram. sdram.*)
                0x1000ab60                . = ALIGN (0x4)
                0x1000ab60                PROVIDE (_alt_partition_sdram_end, ABSOLUTE (.))
                0x1000ab60                _end = ABSOLUTE (.)
                0x1000ab60                end = ABSOLUTE (.)
                0x1000ab60                __alt_stack_base = ABSOLUTE (.)
                0x1000ab60                PROVIDE (_alt_partition_sdram_load_addr, LOADADDR (.sdram))

.stab
 *(.stab)

.stabstr
 *(.stabstr)

.stab.excl
 *(.stab.excl)

.stab.exclstr
 *(.stab.exclstr)

.stab.index
 *(.stab.index)

.stab.indexstr
 *(.stab.indexstr)

.comment        0x00000000       0x26
 *(.comment)
 .comment       0x00000000       0x26 obj/default/hello_world.o
                                 0x27 (size before relaxing)
 .comment       0x00000000       0x27 /opt/altera/13.0sp1/nios2eds/bin/gnu/H-i686-pc-linux-gnu/bin/../lib/gcc/nios2-elf/4.1.2/../../../../nios2-elf/lib/libc.a(lib_a-puts.o)
 .comment       0x00000000       0x27 /opt/altera/13.0sp1/nios2eds/bin/gnu/H-i686-pc-linux-gnu/bin/../lib/gcc/nios2-elf/4.1.2/../../../../nios2-elf/lib/libc.a(lib_a-strlen.o)
 .comment       0x00000000       0x27 /opt/altera/13.0sp1/nios2eds/bin/gnu/H-i686-pc-linux-gnu/bin/../lib/gcc/nios2-elf/4.1.2/../../../../nios2-elf/lib/libc.a(lib_a-fvwrite.o)
 .comment       0x00000000       0x27 /opt/altera/13.0sp1/nios2eds/bin/gnu/H-i686-pc-linux-gnu/bin/../lib/gcc/nios2-elf/4.1.2/../../../../nios2-elf/lib/libc.a(lib_a-impure.o)
 .comment       0x00000000       0x27 /opt/altera/13.0sp1/nios2eds/bin/gnu/H-i686-pc-linux-gnu/bin/../lib/gcc/nios2-elf/4.1.2/../../../../nios2-elf/lib/libc.a(lib_a-mallocr.o)
 .comment       0x00000000       0x27 /opt/altera/13.0sp1/nios2eds/bin/gnu/H-i686-pc-linux-gnu/bin/../lib/gcc/nios2-elf/4.1.2/../../../../nios2-elf/lib/libc.a(lib_a-memchr.o)
 .comment       0x00000000       0x27 /opt/altera/13.0sp1/nios2eds/bin/gnu/H-i686-pc-linux-gnu/bin/../lib/gcc/nios2-elf/4.1.2/../../../../nios2-elf/lib/libc.a(lib_a-memcpy.o)
 .comment       0x00000000       0x27 /opt/altera/13.0sp1/nios2eds/bin/gnu/H-i686-pc-linux-gnu/bin/../lib/gcc/nios2-elf/4.1.2/../../../../nios2-elf/lib/libc.a(lib_a-memmove.o)
 .comment       0x00000000       0x27 /opt/altera/13.0sp1/nios2eds/bin/gnu/H-i686-pc-linux-gnu/bin/../lib/gcc/nios2-elf/4.1.2/../../../../nios2-elf/lib/libc.a(lib_a-reallocr.o)
 .comment       0x00000000       0x27 /opt/altera/13.0sp1/nios2eds/bin/gnu/H-i686-pc-linux-gnu/bin/../lib/gcc/nios2-elf/4.1.2/../../../../nios2-elf/lib/libc.a(lib_a-sbrkr.o)
 .comment       0x00000000       0x27 /opt/altera/13.0sp1/nios2eds/bin/gnu/H-i686-pc-linux-gnu/bin/../lib/gcc/nios2-elf/4.1.2/../../../../nios2-elf/lib/libc.a(lib_a-wsetup.o)
 .comment       0x00000000       0x27 /opt/altera/13.0sp1/nios2eds/bin/gnu/H-i686-pc-linux-gnu/bin/../lib/gcc/nios2-elf/4.1.2/../../../../nios2-elf/lib/libc.a(lib_a-fflush.o)
 .comment       0x00000000       0x27 /opt/altera/13.0sp1/nios2eds/bin/gnu/H-i686-pc-linux-gnu/bin/../lib/gcc/nios2-elf/4.1.2/../../../../nios2-elf/lib/libc.a(lib_a-findfp.o)
 .comment       0x00000000       0x27 /opt/altera/13.0sp1/nios2eds/bin/gnu/H-i686-pc-linux-gnu/bin/../lib/gcc/nios2-elf/4.1.2/../../../../nios2-elf/lib/libc.a(lib_a-freer.o)
 .comment       0x00000000       0x27 /opt/altera/13.0sp1/nios2eds/bin/gnu/H-i686-pc-linux-gnu/bin/../lib/gcc/nios2-elf/4.1.2/../../../../nios2-elf/lib/libc.a(lib_a-fwalk.o)
 .comment       0x00000000       0x27 /opt/altera/13.0sp1/nios2eds/bin/gnu/H-i686-pc-linux-gnu/bin/../lib/gcc/nios2-elf/4.1.2/../../../../nios2-elf/lib/libc.a(lib_a-int_errno.o)
 .comment       0x00000000       0x27 /opt/altera/13.0sp1/nios2eds/bin/gnu/H-i686-pc-linux-gnu/bin/../lib/gcc/nios2-elf/4.1.2/../../../../nios2-elf/lib/libc.a(lib_a-makebuf.o)
 .comment       0x00000000       0x27 /opt/altera/13.0sp1/nios2eds/bin/gnu/H-i686-pc-linux-gnu/bin/../lib/gcc/nios2-elf/4.1.2/../../../../nios2-elf/lib/libc.a(lib_a-memset.o)
 .comment       0x00000000       0x27 /opt/altera/13.0sp1/nios2eds/bin/gnu/H-i686-pc-linux-gnu/bin/../lib/gcc/nios2-elf/4.1.2/../../../../nios2-elf/lib/libc.a(lib_a-stdio.o)
 .comment       0x00000000       0x27 /opt/altera/13.0sp1/nios2eds/bin/gnu/H-i686-pc-linux-gnu/bin/../lib/gcc/nios2-elf/4.1.2/../../../../nios2-elf/lib/libc.a(lib_a-writer.o)
 .comment       0x00000000       0x27 /opt/altera/13.0sp1/nios2eds/bin/gnu/H-i686-pc-linux-gnu/bin/../lib/gcc/nios2-elf/4.1.2/../../../../nios2-elf/lib/libc.a(lib_a-closer.o)
 .comment       0x00000000       0x27 /opt/altera/13.0sp1/nios2eds/bin/gnu/H-i686-pc-linux-gnu/bin/../lib/gcc/nios2-elf/4.1.2/../../../../nios2-elf/lib/libc.a(lib_a-fclose.o)
 .comment       0x00000000       0x27 /opt/altera/13.0sp1/nios2eds/bin/gnu/H-i686-pc-linux-gnu/bin/../lib/gcc/nios2-elf/4.1.2/../../../../nios2-elf/lib/libc.a(lib_a-fstatr.o)
 .comment       0x00000000       0x27 /opt/altera/13.0sp1/nios2eds/bin/gnu/H-i686-pc-linux-gnu/bin/../lib/gcc/nios2-elf/4.1.2/../../../../nios2-elf/lib/libc.a(lib_a-isattyr.o)
 .comment       0x00000000       0x27 /opt/altera/13.0sp1/nios2eds/bin/gnu/H-i686-pc-linux-gnu/bin/../lib/gcc/nios2-elf/4.1.2/../../../../nios2-elf/lib/libc.a(lib_a-lseekr.o)
 .comment       0x00000000       0x27 /opt/altera/13.0sp1/nios2eds/bin/gnu/H-i686-pc-linux-gnu/bin/../lib/gcc/nios2-elf/4.1.2/../../../../nios2-elf/lib/libc.a(lib_a-readr.o)
 .comment       0x00000000       0x27 ../my_first_nios_software_project_bsp//libhal_bsp.a(alt_close.o)
 .comment       0x00000000       0x27 ../my_first_nios_software_project_bsp//libhal_bsp.a(alt_dev.o)
 .comment       0x00000000       0x27 ../my_first_nios_software_project_bsp//libhal_bsp.a(alt_errno.o)
 .comment       0x00000000       0x27 ../my_first_nios_software_project_bsp//libhal_bsp.a(alt_fstat.o)
 .comment       0x00000000       0x27 ../my_first_nios_software_project_bsp//libhal_bsp.a(alt_isatty.o)
 .comment       0x00000000       0x27 ../my_first_nios_software_project_bsp//libhal_bsp.a(alt_lseek.o)
 .comment       0x00000000       0x27 ../my_first_nios_software_project_bsp//libhal_bsp.a(alt_main.o)
 .comment       0x00000000       0x27 ../my_first_nios_software_project_bsp//libhal_bsp.a(alt_malloc_lock.o)
 .comment       0x00000000       0x27 ../my_first_nios_software_project_bsp//libhal_bsp.a(alt_read.o)
 .comment       0x00000000       0x27 ../my_first_nios_software_project_bsp//libhal_bsp.a(alt_release_fd.o)
 .comment       0x00000000       0x27 ../my_first_nios_software_project_bsp//libhal_bsp.a(alt_sbrk.o)
 .comment       0x00000000       0x27 ../my_first_nios_software_project_bsp//libhal_bsp.a(alt_write.o)
 .comment       0x00000000       0x27 ../my_first_nios_software_project_bsp//libhal_bsp.a(alt_sys_init.o)
 .comment       0x00000000       0x27 ../my_first_nios_software_project_bsp//libhal_bsp.a(altera_avalon_cfi_flash.o)
 .comment       0x00000000       0x27 ../my_first_nios_software_project_bsp//libhal_bsp.a(altera_avalon_cfi_flash_table.o)
 .comment       0x00000000       0x27 ../my_first_nios_software_project_bsp//libhal_bsp.a(altera_avalon_jtag_uart_fd.o)
 .comment       0x00000000       0x27 ../my_first_nios_software_project_bsp//libhal_bsp.a(altera_avalon_jtag_uart_init.o)
 .comment       0x00000000       0x27 ../my_first_nios_software_project_bsp//libhal_bsp.a(altera_avalon_jtag_uart_ioctl.o)
 .comment       0x00000000       0x27 ../my_first_nios_software_project_bsp//libhal_bsp.a(altera_avalon_jtag_uart_read.o)
 .comment       0x00000000       0x27 ../my_first_nios_software_project_bsp//libhal_bsp.a(altera_avalon_jtag_uart_write.o)
 .comment       0x00000000       0x27 ../my_first_nios_software_project_bsp//libhal_bsp.a(altera_avalon_sgdma.o)
 .comment       0x00000000       0x27 ../my_first_nios_software_project_bsp//libhal_bsp.a(altera_avalon_timer_sc.o)
 .comment       0x00000000       0x27 ../my_first_nios_software_project_bsp//libhal_bsp.a(alt_alarm_start.o)
 .comment       0x00000000       0x27 ../my_first_nios_software_project_bsp//libhal_bsp.a(alt_dcache_flush.o)
 .comment       0x00000000       0x27 ../my_first_nios_software_project_bsp//libhal_bsp.a(alt_dev_llist_insert.o)
 .comment       0x00000000       0x27 ../my_first_nios_software_project_bsp//libhal_bsp.a(alt_do_ctors.o)
 .comment       0x00000000       0x27 ../my_first_nios_software_project_bsp//libhal_bsp.a(alt_do_dtors.o)
 .comment       0x00000000       0x27 ../my_first_nios_software_project_bsp//libhal_bsp.a(alt_find_dev.o)
 .comment       0x00000000       0x27 ../my_first_nios_software_project_bsp//libhal_bsp.a(alt_flash_dev.o)
 .comment       0x00000000       0x27 ../my_first_nios_software_project_bsp//libhal_bsp.a(alt_iic.o)
 .comment       0x00000000       0x27 ../my_first_nios_software_project_bsp//libhal_bsp.a(alt_iic_isr_register.o)
 .comment       0x00000000       0x27 ../my_first_nios_software_project_bsp//libhal_bsp.a(alt_io_redirect.o)
 .comment       0x00000000       0x27 ../my_first_nios_software_project_bsp//libhal_bsp.a(alt_irq_handler.o)
 .comment       0x00000000       0x27 ../my_first_nios_software_project_bsp//libhal_bsp.a(alt_irq_vars.o)
 .comment       0x00000000       0x27 ../my_first_nios_software_project_bsp//libhal_bsp.a(alt_open.o)
 .comment       0x00000000       0x27 ../my_first_nios_software_project_bsp//libhal_bsp.a(alt_remap_uncached.o)
 .comment       0x00000000       0x27 ../my_first_nios_software_project_bsp//libhal_bsp.a(alt_tick.o)
 .comment       0x00000000       0x27 ../my_first_nios_software_project_bsp//libhal_bsp.a(altera_nios2_qsys_irq.o)
 .comment       0x00000000       0x27 ../my_first_nios_software_project_bsp//libhal_bsp.a(altera_avalon_cfi_flash_amd.o)
 .comment       0x00000000       0x27 ../my_first_nios_software_project_bsp//libhal_bsp.a(altera_avalon_cfi_flash_intel.o)
 .comment       0x00000000       0x27 ../my_first_nios_software_project_bsp//libhal_bsp.a(alt_find_file.o)
 .comment       0x00000000       0x27 ../my_first_nios_software_project_bsp//libhal_bsp.a(alt_get_fd.o)
 .comment       0x00000000       0x27 ../my_first_nios_software_project_bsp//libhal_bsp.a(alt_usleep.o)
 .comment       0x00000000       0x27 ../my_first_nios_software_project_bsp//libhal_bsp.a(alt_busy_sleep.o)
 .comment       0x00000000       0x27 /opt/altera/13.0sp1/nios2eds/bin/gnu/H-i686-pc-linux-gnu/bin/../lib/gcc/nios2-elf/4.1.2/../../../../nios2-elf/lib/libc.a(lib_a-atexit.o)
 .comment       0x00000000       0x27 /opt/altera/13.0sp1/nios2eds/bin/gnu/H-i686-pc-linux-gnu/bin/../lib/gcc/nios2-elf/4.1.2/../../../../nios2-elf/lib/libc.a(lib_a-exit.o)
 .comment       0x00000000       0x27 /opt/altera/13.0sp1/nios2eds/bin/gnu/H-i686-pc-linux-gnu/bin/../lib/gcc/nios2-elf/4.1.2/../../../../nios2-elf/lib/libc.a(lib_a-memcmp.o)
 .comment       0x00000000       0x27 /opt/altera/13.0sp1/nios2eds/bin/gnu/H-i686-pc-linux-gnu/bin/../lib/gcc/nios2-elf/4.1.2/../../../../nios2-elf/lib/libc.a(lib_a-__atexit.o)
 .comment       0x00000000       0x27 /opt/altera/13.0sp1/nios2eds/bin/gnu/H-i686-pc-linux-gnu/bin/../lib/gcc/nios2-elf/4.1.2/../../../../nios2-elf/lib/libc.a(lib_a-__call_atexit.o)
 .comment       0x00000000       0x27 ../my_first_nios_software_project_bsp//libhal_bsp.a(alt_exit.o)

.debug
 *(.debug)

.line
 *(.line)

.debug_srcinfo
 *(.debug_srcinfo)

.debug_sfnames
 *(.debug_sfnames)

.debug_aranges  0x00000000      0x9b0
 *(.debug_aranges)
 .debug_aranges
                0x00000000       0x20 ../my_first_nios_software_project_bsp//obj/HAL/src/crt0.o
 .debug_aranges
                0x00000020       0x20 obj/default/hello_world.o
 .debug_aranges
                0x00000040       0x20 /opt/altera/13.0sp1/nios2eds/bin/gnu/H-i686-pc-linux-gnu/bin/../lib/gcc/nios2-elf/4.1.2/../../../../nios2-elf/lib/libc.a(lib_a-puts.o)
 .debug_aranges
                0x00000060       0x20 /opt/altera/13.0sp1/nios2eds/bin/gnu/H-i686-pc-linux-gnu/bin/../lib/gcc/nios2-elf/4.1.2/../../../../nios2-elf/lib/libc.a(lib_a-strlen.o)
 .debug_aranges
                0x00000080       0x20 /opt/altera/13.0sp1/nios2eds/bin/gnu/H-i686-pc-linux-gnu/bin/../lib/gcc/nios2-elf/4.1.2/../../../../nios2-elf/lib/libc.a(lib_a-fvwrite.o)
 .debug_aranges
                0x000000a0       0x20 /opt/altera/13.0sp1/nios2eds/bin/gnu/H-i686-pc-linux-gnu/bin/../lib/gcc/nios2-elf/4.1.2/../../../../nios2-elf/lib/libc.a(lib_a-mallocr.o)
 .debug_aranges
                0x000000c0       0x20 /opt/altera/13.0sp1/nios2eds/bin/gnu/H-i686-pc-linux-gnu/bin/../lib/gcc/nios2-elf/4.1.2/../../../../nios2-elf/lib/libc.a(lib_a-memchr.o)
 .debug_aranges
                0x000000e0       0x20 /opt/altera/13.0sp1/nios2eds/bin/gnu/H-i686-pc-linux-gnu/bin/../lib/gcc/nios2-elf/4.1.2/../../../../nios2-elf/lib/libc.a(lib_a-memcpy.o)
 .debug_aranges
                0x00000100       0x20 /opt/altera/13.0sp1/nios2eds/bin/gnu/H-i686-pc-linux-gnu/bin/../lib/gcc/nios2-elf/4.1.2/../../../../nios2-elf/lib/libc.a(lib_a-memmove.o)
 .debug_aranges
                0x00000120       0x20 /opt/altera/13.0sp1/nios2eds/bin/gnu/H-i686-pc-linux-gnu/bin/../lib/gcc/nios2-elf/4.1.2/../../../../nios2-elf/lib/libc.a(lib_a-reallocr.o)
 .debug_aranges
                0x00000140       0x20 /opt/altera/13.0sp1/nios2eds/bin/gnu/H-i686-pc-linux-gnu/bin/../lib/gcc/nios2-elf/4.1.2/../../../../nios2-elf/lib/libc.a(lib_a-sbrkr.o)
 .debug_aranges
                0x00000160       0x20 /opt/altera/13.0sp1/nios2eds/bin/gnu/H-i686-pc-linux-gnu/bin/../lib/gcc/nios2-elf/4.1.2/../../../../nios2-elf/lib/libc.a(lib_a-wsetup.o)
 .debug_aranges
                0x00000180       0x20 /opt/altera/13.0sp1/nios2eds/bin/gnu/H-i686-pc-linux-gnu/bin/../lib/gcc/nios2-elf/4.1.2/../../../../nios2-elf/lib/libc.a(lib_a-fflush.o)
 .debug_aranges
                0x000001a0       0x20 /opt/altera/13.0sp1/nios2eds/bin/gnu/H-i686-pc-linux-gnu/bin/../lib/gcc/nios2-elf/4.1.2/../../../../nios2-elf/lib/libc.a(lib_a-findfp.o)
 .debug_aranges
                0x000001c0       0x20 /opt/altera/13.0sp1/nios2eds/bin/gnu/H-i686-pc-linux-gnu/bin/../lib/gcc/nios2-elf/4.1.2/../../../../nios2-elf/lib/libc.a(lib_a-freer.o)
 .debug_aranges
                0x000001e0       0x20 /opt/altera/13.0sp1/nios2eds/bin/gnu/H-i686-pc-linux-gnu/bin/../lib/gcc/nios2-elf/4.1.2/../../../../nios2-elf/lib/libc.a(lib_a-fwalk.o)
 .debug_aranges
                0x00000200       0x20 /opt/altera/13.0sp1/nios2eds/bin/gnu/H-i686-pc-linux-gnu/bin/../lib/gcc/nios2-elf/4.1.2/../../../../nios2-elf/lib/libc.a(lib_a-makebuf.o)
 .debug_aranges
                0x00000220       0x20 /opt/altera/13.0sp1/nios2eds/bin/gnu/H-i686-pc-linux-gnu/bin/../lib/gcc/nios2-elf/4.1.2/../../../../nios2-elf/lib/libc.a(lib_a-memset.o)
 .debug_aranges
                0x00000240       0x20 /opt/altera/13.0sp1/nios2eds/bin/gnu/H-i686-pc-linux-gnu/bin/../lib/gcc/nios2-elf/4.1.2/../../../../nios2-elf/lib/libc.a(lib_a-stdio.o)
 .debug_aranges
                0x00000260       0x20 /opt/altera/13.0sp1/nios2eds/bin/gnu/H-i686-pc-linux-gnu/bin/../lib/gcc/nios2-elf/4.1.2/../../../../nios2-elf/lib/libc.a(lib_a-writer.o)
 .debug_aranges
                0x00000280       0x20 /opt/altera/13.0sp1/nios2eds/bin/gnu/H-i686-pc-linux-gnu/bin/../lib/gcc/nios2-elf/4.1.2/../../../../nios2-elf/lib/libc.a(lib_a-closer.o)
 .debug_aranges
                0x000002a0       0x20 /opt/altera/13.0sp1/nios2eds/bin/gnu/H-i686-pc-linux-gnu/bin/../lib/gcc/nios2-elf/4.1.2/../../../../nios2-elf/lib/libc.a(lib_a-fclose.o)
 .debug_aranges
                0x000002c0       0x20 /opt/altera/13.0sp1/nios2eds/bin/gnu/H-i686-pc-linux-gnu/bin/../lib/gcc/nios2-elf/4.1.2/../../../../nios2-elf/lib/libc.a(lib_a-fstatr.o)
 .debug_aranges
                0x000002e0       0x20 /opt/altera/13.0sp1/nios2eds/bin/gnu/H-i686-pc-linux-gnu/bin/../lib/gcc/nios2-elf/4.1.2/../../../../nios2-elf/lib/libc.a(lib_a-isattyr.o)
 .debug_aranges
                0x00000300       0x20 /opt/altera/13.0sp1/nios2eds/bin/gnu/H-i686-pc-linux-gnu/bin/../lib/gcc/nios2-elf/4.1.2/../../../../nios2-elf/lib/libc.a(lib_a-lseekr.o)
 .debug_aranges
                0x00000320       0x20 /opt/altera/13.0sp1/nios2eds/bin/gnu/H-i686-pc-linux-gnu/bin/../lib/gcc/nios2-elf/4.1.2/../../../../nios2-elf/lib/libc.a(lib_a-readr.o)
 .debug_aranges
                0x00000340       0x20 ../my_first_nios_software_project_bsp//libhal_bsp.a(alt_close.o)
 .debug_aranges
                0x00000360       0x20 ../my_first_nios_software_project_bsp//libhal_bsp.a(alt_dev.o)
 .debug_aranges
                0x00000380       0x20 ../my_first_nios_software_project_bsp//libhal_bsp.a(alt_fstat.o)
 .debug_aranges
                0x000003a0       0x20 ../my_first_nios_software_project_bsp//libhal_bsp.a(alt_isatty.o)
 .debug_aranges
                0x000003c0       0x20 ../my_first_nios_software_project_bsp//libhal_bsp.a(alt_lseek.o)
 .debug_aranges
                0x000003e0       0x20 ../my_first_nios_software_project_bsp//libhal_bsp.a(alt_main.o)
 .debug_aranges
                0x00000400       0x20 ../my_first_nios_software_project_bsp//libhal_bsp.a(alt_malloc_lock.o)
 .debug_aranges
                0x00000420       0x20 ../my_first_nios_software_project_bsp//libhal_bsp.a(alt_read.o)
 .debug_aranges
                0x00000440       0x20 ../my_first_nios_software_project_bsp//libhal_bsp.a(alt_release_fd.o)
 .debug_aranges
                0x00000460       0x20 ../my_first_nios_software_project_bsp//libhal_bsp.a(alt_sbrk.o)
 .debug_aranges
                0x00000480       0x20 ../my_first_nios_software_project_bsp//libhal_bsp.a(alt_write.o)
 .debug_aranges
                0x000004a0       0x20 ../my_first_nios_software_project_bsp//libhal_bsp.a(alt_sys_init.o)
 .debug_aranges
                0x000004c0       0x20 ../my_first_nios_software_project_bsp//libhal_bsp.a(altera_avalon_cfi_flash.o)
 .debug_aranges
                0x000004e0       0x20 ../my_first_nios_software_project_bsp//libhal_bsp.a(altera_avalon_cfi_flash_table.o)
 .debug_aranges
                0x00000500       0x20 ../my_first_nios_software_project_bsp//libhal_bsp.a(altera_avalon_jtag_uart_fd.o)
 .debug_aranges
                0x00000520       0x20 ../my_first_nios_software_project_bsp//libhal_bsp.a(altera_avalon_jtag_uart_init.o)
 .debug_aranges
                0x00000540       0x20 ../my_first_nios_software_project_bsp//libhal_bsp.a(altera_avalon_jtag_uart_ioctl.o)
 .debug_aranges
                0x00000560       0x20 ../my_first_nios_software_project_bsp//libhal_bsp.a(altera_avalon_jtag_uart_read.o)
 .debug_aranges
                0x00000580       0x20 ../my_first_nios_software_project_bsp//libhal_bsp.a(altera_avalon_jtag_uart_write.o)
 .debug_aranges
                0x000005a0       0x20 ../my_first_nios_software_project_bsp//libhal_bsp.a(altera_avalon_sgdma.o)
 .debug_aranges
                0x000005c0       0x20 ../my_first_nios_software_project_bsp//libhal_bsp.a(altera_avalon_timer_sc.o)
 .debug_aranges
                0x000005e0       0x20 ../my_first_nios_software_project_bsp//libhal_bsp.a(alt_alarm_start.o)
 .debug_aranges
                0x00000600       0x20 ../my_first_nios_software_project_bsp//libhal_bsp.a(alt_dcache_flush.o)
 .debug_aranges
                0x00000620       0x20 ../my_first_nios_software_project_bsp//libhal_bsp.a(alt_dev_llist_insert.o)
 .debug_aranges
                0x00000640       0x20 ../my_first_nios_software_project_bsp//libhal_bsp.a(alt_do_ctors.o)
 .debug_aranges
                0x00000660       0x20 ../my_first_nios_software_project_bsp//libhal_bsp.a(alt_do_dtors.o)
 .debug_aranges
                0x00000680       0x20 ../my_first_nios_software_project_bsp//libhal_bsp.a(alt_find_dev.o)
 .debug_aranges
                0x000006a0       0x20 ../my_first_nios_software_project_bsp//libhal_bsp.a(alt_flash_dev.o)
 .debug_aranges
                0x000006c0       0x20 ../my_first_nios_software_project_bsp//libhal_bsp.a(alt_iic.o)
 .debug_aranges
                0x000006e0       0x20 ../my_first_nios_software_project_bsp//libhal_bsp.a(alt_iic_isr_register.o)
 .debug_aranges
                0x00000700       0x20 ../my_first_nios_software_project_bsp//libhal_bsp.a(alt_io_redirect.o)
 .debug_aranges
                0x00000720       0x30 ../my_first_nios_software_project_bsp//libhal_bsp.a(alt_irq_entry.o)
 .debug_aranges
                0x00000750       0x28 ../my_first_nios_software_project_bsp//libhal_bsp.a(alt_irq_handler.o)
 .debug_aranges
                0x00000778       0x20 ../my_first_nios_software_project_bsp//libhal_bsp.a(alt_open.o)
 .debug_aranges
                0x00000798       0x20 ../my_first_nios_software_project_bsp//libhal_bsp.a(alt_remap_uncached.o)
 .debug_aranges
                0x000007b8       0x20 ../my_first_nios_software_project_bsp//libhal_bsp.a(alt_tick.o)
 .debug_aranges
                0x000007d8       0x20 ../my_first_nios_software_project_bsp//libhal_bsp.a(altera_nios2_qsys_irq.o)
 .debug_aranges
                0x000007f8       0x20 ../my_first_nios_software_project_bsp//libhal_bsp.a(altera_avalon_cfi_flash_amd.o)
 .debug_aranges
                0x00000818       0x20 ../my_first_nios_software_project_bsp//libhal_bsp.a(altera_avalon_cfi_flash_intel.o)
 .debug_aranges
                0x00000838       0x38 ../my_first_nios_software_project_bsp//libhal_bsp.a(alt_exception_entry.o)
 .debug_aranges
                0x00000870       0x20 ../my_first_nios_software_project_bsp//libhal_bsp.a(alt_find_file.o)
 .debug_aranges
                0x00000890       0x20 ../my_first_nios_software_project_bsp//libhal_bsp.a(alt_get_fd.o)
 .debug_aranges
                0x000008b0       0x20 ../my_first_nios_software_project_bsp//libhal_bsp.a(alt_usleep.o)
 .debug_aranges
                0x000008d0       0x20 ../my_first_nios_software_project_bsp//libhal_bsp.a(alt_busy_sleep.o)
 .debug_aranges
                0x000008f0       0x20 /opt/altera/13.0sp1/nios2eds/bin/gnu/H-i686-pc-linux-gnu/bin/../lib/gcc/nios2-elf/4.1.2/../../../../nios2-elf/lib/libc.a(lib_a-atexit.o)
 .debug_aranges
                0x00000910       0x20 /opt/altera/13.0sp1/nios2eds/bin/gnu/H-i686-pc-linux-gnu/bin/../lib/gcc/nios2-elf/4.1.2/../../../../nios2-elf/lib/libc.a(lib_a-exit.o)
 .debug_aranges
                0x00000930       0x20 /opt/altera/13.0sp1/nios2eds/bin/gnu/H-i686-pc-linux-gnu/bin/../lib/gcc/nios2-elf/4.1.2/../../../../nios2-elf/lib/libc.a(lib_a-memcmp.o)
 .debug_aranges
                0x00000950       0x20 /opt/altera/13.0sp1/nios2eds/bin/gnu/H-i686-pc-linux-gnu/bin/../lib/gcc/nios2-elf/4.1.2/../../../../nios2-elf/lib/libc.a(lib_a-__atexit.o)
 .debug_aranges
                0x00000970       0x20 /opt/altera/13.0sp1/nios2eds/bin/gnu/H-i686-pc-linux-gnu/bin/../lib/gcc/nios2-elf/4.1.2/../../../../nios2-elf/lib/libc.a(lib_a-__call_atexit.o)
 .debug_aranges
                0x00000990       0x20 ../my_first_nios_software_project_bsp//libhal_bsp.a(alt_exit.o)

.debug_pubnames
                0x00000000     0x1453
 *(.debug_pubnames)
 .debug_pubnames
                0x00000000       0x1b obj/default/hello_world.o
 .debug_pubnames
                0x0000001b       0x27 /opt/altera/13.0sp1/nios2eds/bin/gnu/H-i686-pc-linux-gnu/bin/../lib/gcc/nios2-elf/4.1.2/../../../../nios2-elf/lib/libc.a(lib_a-puts.o)
 .debug_pubnames
                0x00000042       0x1d /opt/altera/13.0sp1/nios2eds/bin/gnu/H-i686-pc-linux-gnu/bin/../lib/gcc/nios2-elf/4.1.2/../../../../nios2-elf/lib/libc.a(lib_a-strlen.o)
 .debug_pubnames
                0x0000005f       0x23 /opt/altera/13.0sp1/nios2eds/bin/gnu/H-i686-pc-linux-gnu/bin/../lib/gcc/nios2-elf/4.1.2/../../../../nios2-elf/lib/libc.a(lib_a-fvwrite.o)
 .debug_pubnames
                0x00000082       0x39 /opt/altera/13.0sp1/nios2eds/bin/gnu/H-i686-pc-linux-gnu/bin/../lib/gcc/nios2-elf/4.1.2/../../../../nios2-elf/lib/libc.a(lib_a-impure.o)
 .debug_pubnames
                0x000000bb       0xce /opt/altera/13.0sp1/nios2eds/bin/gnu/H-i686-pc-linux-gnu/bin/../lib/gcc/nios2-elf/4.1.2/../../../../nios2-elf/lib/libc.a(lib_a-mallocr.o)
 .debug_pubnames
                0x00000189       0x1d /opt/altera/13.0sp1/nios2eds/bin/gnu/H-i686-pc-linux-gnu/bin/../lib/gcc/nios2-elf/4.1.2/../../../../nios2-elf/lib/libc.a(lib_a-memchr.o)
 .debug_pubnames
                0x000001a6       0x1d /opt/altera/13.0sp1/nios2eds/bin/gnu/H-i686-pc-linux-gnu/bin/../lib/gcc/nios2-elf/4.1.2/../../../../nios2-elf/lib/libc.a(lib_a-memcpy.o)
 .debug_pubnames
                0x000001c3       0x1e /opt/altera/13.0sp1/nios2eds/bin/gnu/H-i686-pc-linux-gnu/bin/../lib/gcc/nios2-elf/4.1.2/../../../../nios2-elf/lib/libc.a(lib_a-memmove.o)
 .debug_pubnames
                0x000001e1       0x21 /opt/altera/13.0sp1/nios2eds/bin/gnu/H-i686-pc-linux-gnu/bin/../lib/gcc/nios2-elf/4.1.2/../../../../nios2-elf/lib/libc.a(lib_a-reallocr.o)
 .debug_pubnames
                0x00000202       0x1e /opt/altera/13.0sp1/nios2eds/bin/gnu/H-i686-pc-linux-gnu/bin/../lib/gcc/nios2-elf/4.1.2/../../../../nios2-elf/lib/libc.a(lib_a-sbrkr.o)
 .debug_pubnames
                0x00000220       0x22 /opt/altera/13.0sp1/nios2eds/bin/gnu/H-i686-pc-linux-gnu/bin/../lib/gcc/nios2-elf/4.1.2/../../../../nios2-elf/lib/libc.a(lib_a-wsetup.o)
 .debug_pubnames
                0x00000242       0x2b /opt/altera/13.0sp1/nios2eds/bin/gnu/H-i686-pc-linux-gnu/bin/../lib/gcc/nios2-elf/4.1.2/../../../../nios2-elf/lib/libc.a(lib_a-fflush.o)
 .debug_pubnames
                0x0000026d       0xdb /opt/altera/13.0sp1/nios2eds/bin/gnu/H-i686-pc-linux-gnu/bin/../lib/gcc/nios2-elf/4.1.2/../../../../nios2-elf/lib/libc.a(lib_a-findfp.o)
 .debug_pubnames
                0x00000348       0x31 /opt/altera/13.0sp1/nios2eds/bin/gnu/H-i686-pc-linux-gnu/bin/../lib/gcc/nios2-elf/4.1.2/../../../../nios2-elf/lib/libc.a(lib_a-freer.o)
 .debug_pubnames
                0x00000379       0x2e /opt/altera/13.0sp1/nios2eds/bin/gnu/H-i686-pc-linux-gnu/bin/../lib/gcc/nios2-elf/4.1.2/../../../../nios2-elf/lib/libc.a(lib_a-fwalk.o)
 .debug_pubnames
                0x000003a7       0x1c /opt/altera/13.0sp1/nios2eds/bin/gnu/H-i686-pc-linux-gnu/bin/../lib/gcc/nios2-elf/4.1.2/../../../../nios2-elf/lib/libc.a(lib_a-int_errno.o)
 .debug_pubnames
                0x000003c3       0x23 /opt/altera/13.0sp1/nios2eds/bin/gnu/H-i686-pc-linux-gnu/bin/../lib/gcc/nios2-elf/4.1.2/../../../../nios2-elf/lib/libc.a(lib_a-makebuf.o)
 .debug_pubnames
                0x000003e6       0x1d /opt/altera/13.0sp1/nios2eds/bin/gnu/H-i686-pc-linux-gnu/bin/../lib/gcc/nios2-elf/4.1.2/../../../../nios2-elf/lib/libc.a(lib_a-memset.o)
 .debug_pubnames
                0x00000403       0x44 /opt/altera/13.0sp1/nios2eds/bin/gnu/H-i686-pc-linux-gnu/bin/../lib/gcc/nios2-elf/4.1.2/../../../../nios2-elf/lib/libc.a(lib_a-stdio.o)
 .debug_pubnames
                0x00000447       0x1f /opt/altera/13.0sp1/nios2eds/bin/gnu/H-i686-pc-linux-gnu/bin/../lib/gcc/nios2-elf/4.1.2/../../../../nios2-elf/lib/libc.a(lib_a-writer.o)
 .debug_pubnames
                0x00000466       0x1f /opt/altera/13.0sp1/nios2eds/bin/gnu/H-i686-pc-linux-gnu/bin/../lib/gcc/nios2-elf/4.1.2/../../../../nios2-elf/lib/libc.a(lib_a-closer.o)
 .debug_pubnames
                0x00000485       0x2b /opt/altera/13.0sp1/nios2eds/bin/gnu/H-i686-pc-linux-gnu/bin/../lib/gcc/nios2-elf/4.1.2/../../../../nios2-elf/lib/libc.a(lib_a-fclose.o)
 .debug_pubnames
                0x000004b0       0x1f /opt/altera/13.0sp1/nios2eds/bin/gnu/H-i686-pc-linux-gnu/bin/../lib/gcc/nios2-elf/4.1.2/../../../../nios2-elf/lib/libc.a(lib_a-fstatr.o)
 .debug_pubnames
                0x000004cf       0x20 /opt/altera/13.0sp1/nios2eds/bin/gnu/H-i686-pc-linux-gnu/bin/../lib/gcc/nios2-elf/4.1.2/../../../../nios2-elf/lib/libc.a(lib_a-isattyr.o)
 .debug_pubnames
                0x000004ef       0x1f /opt/altera/13.0sp1/nios2eds/bin/gnu/H-i686-pc-linux-gnu/bin/../lib/gcc/nios2-elf/4.1.2/../../../../nios2-elf/lib/libc.a(lib_a-lseekr.o)
 .debug_pubnames
                0x0000050e       0x1e /opt/altera/13.0sp1/nios2eds/bin/gnu/H-i686-pc-linux-gnu/bin/../lib/gcc/nios2-elf/4.1.2/../../../../nios2-elf/lib/libc.a(lib_a-readr.o)
 .debug_pubnames
                0x0000052c       0x1c ../my_first_nios_software_project_bsp//libhal_bsp.a(alt_close.o)
 .debug_pubnames
                0x00000548       0x63 ../my_first_nios_software_project_bsp//libhal_bsp.a(alt_dev.o)
 .debug_pubnames
                0x000005ab       0x20 ../my_first_nios_software_project_bsp//libhal_bsp.a(alt_errno.o)
 .debug_pubnames
                0x000005cb       0x1c ../my_first_nios_software_project_bsp//libhal_bsp.a(alt_fstat.o)
 .debug_pubnames
                0x000005e7       0x1d ../my_first_nios_software_project_bsp//libhal_bsp.a(alt_isatty.o)
 .debug_pubnames
                0x00000604       0x1c ../my_first_nios_software_project_bsp//libhal_bsp.a(alt_lseek.o)
 .debug_pubnames
                0x00000620       0x46 ../my_first_nios_software_project_bsp//libhal_bsp.a(alt_main.o)
 .debug_pubnames
                0x00000666       0x38 ../my_first_nios_software_project_bsp//libhal_bsp.a(alt_malloc_lock.o)
 .debug_pubnames
                0x0000069e       0x1b ../my_first_nios_software_project_bsp//libhal_bsp.a(alt_read.o)
 .debug_pubnames
                0x000006b9       0x25 ../my_first_nios_software_project_bsp//libhal_bsp.a(alt_release_fd.o)
 .debug_pubnames
                0x000006de       0x1b ../my_first_nios_software_project_bsp//libhal_bsp.a(alt_sbrk.o)
 .debug_pubnames
                0x000006f9       0x1c ../my_first_nios_software_project_bsp//libhal_bsp.a(alt_write.o)
 .debug_pubnames
                0x00000715       0x34 ../my_first_nios_software_project_bsp//libhal_bsp.a(alt_sys_init.o)
 .debug_pubnames
                0x00000749       0xac ../my_first_nios_software_project_bsp//libhal_bsp.a(altera_avalon_cfi_flash.o)
 .debug_pubnames
                0x000007f5      0x27a ../my_first_nios_software_project_bsp//libhal_bsp.a(altera_avalon_cfi_flash_table.o)
 .debug_pubnames
                0x00000a6f       0xa5 ../my_first_nios_software_project_bsp//libhal_bsp.a(altera_avalon_jtag_uart_fd.o)
 .debug_pubnames
                0x00000b14       0x55 ../my_first_nios_software_project_bsp//libhal_bsp.a(altera_avalon_jtag_uart_init.o)
 .debug_pubnames
                0x00000b69       0x34 ../my_first_nios_software_project_bsp//libhal_bsp.a(altera_avalon_jtag_uart_ioctl.o)
 .debug_pubnames
                0x00000b9d       0x33 ../my_first_nios_software_project_bsp//libhal_bsp.a(altera_avalon_jtag_uart_read.o)
 .debug_pubnames
                0x00000bd0       0x34 ../my_first_nios_software_project_bsp//libhal_bsp.a(altera_avalon_jtag_uart_write.o)
 .debug_pubnames
                0x00000c04      0x30e ../my_first_nios_software_project_bsp//libhal_bsp.a(altera_avalon_sgdma.o)
 .debug_pubnames
                0x00000f12       0x2f ../my_first_nios_software_project_bsp//libhal_bsp.a(altera_avalon_timer_sc.o)
 .debug_pubnames
                0x00000f41       0x26 ../my_first_nios_software_project_bsp//libhal_bsp.a(alt_alarm_start.o)
 .debug_pubnames
                0x00000f67       0x27 ../my_first_nios_software_project_bsp//libhal_bsp.a(alt_dcache_flush.o)
 .debug_pubnames
                0x00000f8e       0x2b ../my_first_nios_software_project_bsp//libhal_bsp.a(alt_dev_llist_insert.o)
 .debug_pubnames
                0x00000fb9       0x20 ../my_first_nios_software_project_bsp//libhal_bsp.a(alt_do_ctors.o)
 .debug_pubnames
                0x00000fd9       0x20 ../my_first_nios_software_project_bsp//libhal_bsp.a(alt_do_dtors.o)
 .debug_pubnames
                0x00000ff9       0x23 ../my_first_nios_software_project_bsp//libhal_bsp.a(alt_find_dev.o)
 .debug_pubnames
                0x0000101c       0x58 ../my_first_nios_software_project_bsp//libhal_bsp.a(alt_flash_dev.o)
 .debug_pubnames
                0x00001074       0x6e ../my_first_nios_software_project_bsp//libhal_bsp.a(alt_iic.o)
 .debug_pubnames
                0x000010e2       0x2b ../my_first_nios_software_project_bsp//libhal_bsp.a(alt_iic_isr_register.o)
 .debug_pubnames
                0x0000110d       0x26 ../my_first_nios_software_project_bsp//libhal_bsp.a(alt_io_redirect.o)
 .debug_pubnames
                0x00001133       0x32 ../my_first_nios_software_project_bsp//libhal_bsp.a(alt_irq_handler.o)
 .debug_pubnames
                0x00001165       0x3b ../my_first_nios_software_project_bsp//libhal_bsp.a(alt_irq_vars.o)
 .debug_pubnames
                0x000011a0       0x1b ../my_first_nios_software_project_bsp//libhal_bsp.a(alt_open.o)
 .debug_pubnames
                0x000011bb       0x29 ../my_first_nios_software_project_bsp//libhal_bsp.a(alt_remap_uncached.o)
 .debug_pubnames
                0x000011e4       0x68 ../my_first_nios_software_project_bsp//libhal_bsp.a(alt_tick.o)
 .debug_pubnames
                0x0000124c       0x31 ../my_first_nios_software_project_bsp//libhal_bsp.a(altera_nios2_qsys_irq.o)
 .debug_pubnames
                0x0000127d       0x3e ../my_first_nios_software_project_bsp//libhal_bsp.a(altera_avalon_cfi_flash_amd.o)
 .debug_pubnames
                0x000012bb       0x42 ../my_first_nios_software_project_bsp//libhal_bsp.a(altera_avalon_cfi_flash_intel.o)
 .debug_pubnames
                0x000012fd       0x24 ../my_first_nios_software_project_bsp//libhal_bsp.a(alt_find_file.o)
 .debug_pubnames
                0x00001321       0x21 ../my_first_nios_software_project_bsp//libhal_bsp.a(alt_get_fd.o)
 .debug_pubnames
                0x00001342       0x1d ../my_first_nios_software_project_bsp//libhal_bsp.a(alt_usleep.o)
 .debug_pubnames
                0x0000135f       0x25 ../my_first_nios_software_project_bsp//libhal_bsp.a(alt_busy_sleep.o)
 .debug_pubnames
                0x00001384       0x2a /opt/altera/13.0sp1/nios2eds/bin/gnu/H-i686-pc-linux-gnu/bin/../lib/gcc/nios2-elf/4.1.2/../../../../nios2-elf/lib/libc.a(lib_a-atexit.o)
 .debug_pubnames
                0x000013ae       0x1b /opt/altera/13.0sp1/nios2eds/bin/gnu/H-i686-pc-linux-gnu/bin/../lib/gcc/nios2-elf/4.1.2/../../../../nios2-elf/lib/libc.a(lib_a-exit.o)
 .debug_pubnames
                0x000013c9       0x1d /opt/altera/13.0sp1/nios2eds/bin/gnu/H-i686-pc-linux-gnu/bin/../lib/gcc/nios2-elf/4.1.2/../../../../nios2-elf/lib/libc.a(lib_a-memcmp.o)
 .debug_pubnames
                0x000013e6       0x2a /opt/altera/13.0sp1/nios2eds/bin/gnu/H-i686-pc-linux-gnu/bin/../lib/gcc/nios2-elf/4.1.2/../../../../nios2-elf/lib/libc.a(lib_a-__atexit.o)
 .debug_pubnames
                0x00001410       0x27 /opt/altera/13.0sp1/nios2eds/bin/gnu/H-i686-pc-linux-gnu/bin/../lib/gcc/nios2-elf/4.1.2/../../../../nios2-elf/lib/libc.a(lib_a-__call_atexit.o)
 .debug_pubnames
                0x00001437       0x1c ../my_first_nios_software_project_bsp//libhal_bsp.a(alt_exit.o)

.debug_info     0x00000000    0x1e7a5
 *(.debug_info .gnu.linkonce.wi.*)
 .debug_info    0x00000000       0xa6 ../my_first_nios_software_project_bsp//obj/HAL/src/crt0.o
 .debug_info    0x000000a6      0x161 obj/default/hello_world.o
 .debug_info    0x00000207      0xa25 /opt/altera/13.0sp1/nios2eds/bin/gnu/H-i686-pc-linux-gnu/bin/../lib/gcc/nios2-elf/4.1.2/../../../../nios2-elf/lib/libc.a(lib_a-puts.o)
 .debug_info    0x00000c2c       0xdb /opt/altera/13.0sp1/nios2eds/bin/gnu/H-i686-pc-linux-gnu/bin/../lib/gcc/nios2-elf/4.1.2/../../../../nios2-elf/lib/libc.a(lib_a-strlen.o)
 .debug_info    0x00000d07      0xa88 /opt/altera/13.0sp1/nios2eds/bin/gnu/H-i686-pc-linux-gnu/bin/../lib/gcc/nios2-elf/4.1.2/../../../../nios2-elf/lib/libc.a(lib_a-fvwrite.o)
 .debug_info    0x0000178f      0x93d /opt/altera/13.0sp1/nios2eds/bin/gnu/H-i686-pc-linux-gnu/bin/../lib/gcc/nios2-elf/4.1.2/../../../../nios2-elf/lib/libc.a(lib_a-impure.o)
 .debug_info    0x000020cc      0xcd0 /opt/altera/13.0sp1/nios2eds/bin/gnu/H-i686-pc-linux-gnu/bin/../lib/gcc/nios2-elf/4.1.2/../../../../nios2-elf/lib/libc.a(lib_a-mallocr.o)
 .debug_info    0x00002d9c      0x138 /opt/altera/13.0sp1/nios2eds/bin/gnu/H-i686-pc-linux-gnu/bin/../lib/gcc/nios2-elf/4.1.2/../../../../nios2-elf/lib/libc.a(lib_a-memchr.o)
 .debug_info    0x00002ed4      0x106 /opt/altera/13.0sp1/nios2eds/bin/gnu/H-i686-pc-linux-gnu/bin/../lib/gcc/nios2-elf/4.1.2/../../../../nios2-elf/lib/libc.a(lib_a-memcpy.o)
 .debug_info    0x00002fda      0x13e /opt/altera/13.0sp1/nios2eds/bin/gnu/H-i686-pc-linux-gnu/bin/../lib/gcc/nios2-elf/4.1.2/../../../../nios2-elf/lib/libc.a(lib_a-memmove.o)
 .debug_info    0x00003118      0xbd7 /opt/altera/13.0sp1/nios2eds/bin/gnu/H-i686-pc-linux-gnu/bin/../lib/gcc/nios2-elf/4.1.2/../../../../nios2-elf/lib/libc.a(lib_a-reallocr.o)
 .debug_info    0x00003cef      0x962 /opt/altera/13.0sp1/nios2eds/bin/gnu/H-i686-pc-linux-gnu/bin/../lib/gcc/nios2-elf/4.1.2/../../../../nios2-elf/lib/libc.a(lib_a-sbrkr.o)
 .debug_info    0x00004651      0x95d /opt/altera/13.0sp1/nios2eds/bin/gnu/H-i686-pc-linux-gnu/bin/../lib/gcc/nios2-elf/4.1.2/../../../../nios2-elf/lib/libc.a(lib_a-wsetup.o)
 .debug_info    0x00004fae      0x9fe /opt/altera/13.0sp1/nios2eds/bin/gnu/H-i686-pc-linux-gnu/bin/../lib/gcc/nios2-elf/4.1.2/../../../../nios2-elf/lib/libc.a(lib_a-fflush.o)
 .debug_info    0x000059ac      0xb72 /opt/altera/13.0sp1/nios2eds/bin/gnu/H-i686-pc-linux-gnu/bin/../lib/gcc/nios2-elf/4.1.2/../../../../nios2-elf/lib/libc.a(lib_a-findfp.o)
 .debug_info    0x0000651e      0xbc9 /opt/altera/13.0sp1/nios2eds/bin/gnu/H-i686-pc-linux-gnu/bin/../lib/gcc/nios2-elf/4.1.2/../../../../nios2-elf/lib/libc.a(lib_a-freer.o)
 .debug_info    0x000070e7      0xaed /opt/altera/13.0sp1/nios2eds/bin/gnu/H-i686-pc-linux-gnu/bin/../lib/gcc/nios2-elf/4.1.2/../../../../nios2-elf/lib/libc.a(lib_a-fwalk.o)
 .debug_info    0x00007bd4       0x8c /opt/altera/13.0sp1/nios2eds/bin/gnu/H-i686-pc-linux-gnu/bin/../lib/gcc/nios2-elf/4.1.2/../../../../nios2-elf/lib/libc.a(lib_a-int_errno.o)
 .debug_info    0x00007c60      0xb1a /opt/altera/13.0sp1/nios2eds/bin/gnu/H-i686-pc-linux-gnu/bin/../lib/gcc/nios2-elf/4.1.2/../../../../nios2-elf/lib/libc.a(lib_a-makebuf.o)
 .debug_info    0x0000877a      0x113 /opt/altera/13.0sp1/nios2eds/bin/gnu/H-i686-pc-linux-gnu/bin/../lib/gcc/nios2-elf/4.1.2/../../../../nios2-elf/lib/libc.a(lib_a-memset.o)
 .debug_info    0x0000888d      0xaac /opt/altera/13.0sp1/nios2eds/bin/gnu/H-i686-pc-linux-gnu/bin/../lib/gcc/nios2-elf/4.1.2/../../../../nios2-elf/lib/libc.a(lib_a-stdio.o)
 .debug_info    0x00009339      0x993 /opt/altera/13.0sp1/nios2eds/bin/gnu/H-i686-pc-linux-gnu/bin/../lib/gcc/nios2-elf/4.1.2/../../../../nios2-elf/lib/libc.a(lib_a-writer.o)
 .debug_info    0x00009ccc      0x958 /opt/altera/13.0sp1/nios2eds/bin/gnu/H-i686-pc-linux-gnu/bin/../lib/gcc/nios2-elf/4.1.2/../../../../nios2-elf/lib/libc.a(lib_a-closer.o)
 .debug_info    0x0000a624      0x994 /opt/altera/13.0sp1/nios2eds/bin/gnu/H-i686-pc-linux-gnu/bin/../lib/gcc/nios2-elf/4.1.2/../../../../nios2-elf/lib/libc.a(lib_a-fclose.o)
 .debug_info    0x0000afb8      0xafc /opt/altera/13.0sp1/nios2eds/bin/gnu/H-i686-pc-linux-gnu/bin/../lib/gcc/nios2-elf/4.1.2/../../../../nios2-elf/lib/libc.a(lib_a-fstatr.o)