------------------------------------------------------------
TimeQuest Timing Analyzer Summary
------------------------------------------------------------

Type  : Slow 1100mV 85C Model Setup 'next_state.S1'
Slack : -0.493
TNS   : -2.350

Type  : Slow 1100mV 85C Model Hold 'next_state.S1'
Slack : -0.507
TNS   : -0.507

Type  : Slow 1100mV 85C Model Minimum Pulse Width 'next_state.S1'
Slack : 0.318
TNS   : 0.000

Type  : Slow 1100mV 0C Model Setup 'next_state.S1'
Slack : -0.492
TNS   : -2.532

Type  : Slow 1100mV 0C Model Hold 'next_state.S1'
Slack : -0.479
TNS   : -0.479

Type  : Slow 1100mV 0C Model Minimum Pulse Width 'next_state.S1'
Slack : 0.319
TNS   : 0.000

Type  : Fast 1100mV 85C Model Setup 'next_state.S1'
Slack : 0.241
TNS   : 0.000

Type  : Fast 1100mV 85C Model Hold 'next_state.S1'
Slack : -0.283
TNS   : -0.283

Type  : Fast 1100mV 85C Model Minimum Pulse Width 'next_state.S1'
Slack : 0.422
TNS   : 0.000

Type  : Fast 1100mV 0C Model Setup 'next_state.S1'
Slack : 0.248
TNS   : 0.000

Type  : Fast 1100mV 0C Model Hold 'next_state.S1'
Slack : -0.253
TNS   : -0.253

Type  : Fast 1100mV 0C Model Minimum Pulse Width 'next_state.S1'
Slack : 0.426
TNS   : 0.000

------------------------------------------------------------
